# runtime_stress 2026-06-09 amend-price-change

================================
런타임 부하 테스트 결과
================================

[실행 조건]
  시나리오           가격 변경 정정 (amend-price-change)
  심볼 수            1
  스윕 깊이          10
  발행 지연          0ms
  제한 시간          30s
  실행 모드          paced
  목표 명령 수/s     300,000
  warm-up 시간       10.000s
  측정 시간          30.000s

[warm-up 결과]
  시도한 명령 수     3,000,297
  접수 성공          3,000,297
  채널 포화          0
  미등록 심볼        0
  엔진 중지          0
  거부 합계          0
  접수 성공률        100.00%
  발행 결과          3,000,297
  주문 접수 결과     1,000,099
  주문 취소 결과     1,000,099
  주문 정정 결과     1,000,099
  체결 수            0
  메이커 갱신 수     0
  완료 여부          예
  접수 소요 시간     10.000s
  전체 소요 시간     10.000s
  실제 시도 수/s     300,028.03
  초당 접수 성공 수  300,028.03
  초당 발행 결과 수  300,028.02
  pacing 지연 횟수   2,873,784
  pacing 지연 합계   102.002s

[측정 결과]
  시도한 명령 수     9,000,890
  접수 성공          9,000,890
  채널 포화          0
  미등록 심볼        0
  엔진 중지          0
  거부 합계          0
  접수 성공률        100.00%
  발행 결과          9,000,890
  주문 접수 결과     3,000,297
  주문 취소 결과     3,000,296
  주문 정정 결과     3,000,297
  체결 수            0
  메이커 갱신 수     0
  완료 여부          예
  접수 소요 시간     30.000s
  전체 소요 시간     30.000s
  실제 시도 수/s     300,029.35
  초당 접수 성공 수  300,029.35
  초당 발행 결과 수  300,029.35
  pacing 지연 횟수   8,628,259
  pacing 지연 합계   310.663s

================================
런타임 부하 테스트 결과
================================

[실행 조건]
  시나리오           가격 변경 정정 (amend-price-change)
  심볼 수            1
  스윕 깊이          10
  발행 지연          0ms
  제한 시간          30s
  실행 모드          paced
  목표 명령 수/s     500,000
  warm-up 시간       10.000s
  측정 시간          30.000s

[warm-up 결과]
  시도한 명령 수     4,999,993
  접수 성공          4,999,798
  채널 포화          195
  미등록 심볼        0
  엔진 중지          0
  거부 합계          195
  접수 성공률        100.00%
  발행 결과          4,999,798
  주문 접수 결과     1,666,600
  주문 취소 결과     1,666,599
  주문 정정 결과     1,666,599
  체결 수            0
  메이커 갱신 수     0
  완료 여부          예
  접수 소요 시간     10.000s
  전체 소요 시간     10.000s
  실제 시도 수/s     499,996.67
  초당 접수 성공 수  499,977.17
  초당 발행 결과 수  499,977.16
  pacing 지연 횟수   4,882,356
  pacing 지연 합계   182.626s

[측정 결과]
  시도한 명령 수     14,999,997
  접수 성공          14,998,986
  채널 포화          1,011
  미등록 심볼        0
  엔진 중지          0
  거부 합계          1,011
  접수 성공률        99.99%
  발행 결과          14,998,986
  주문 접수 결과     4,999,661
  주문 취소 결과     4,999,663
  주문 정정 결과     4,999,662
  체결 수            0
  메이커 갱신 수     0
  완료 여부          예
  접수 소요 시간     30.000s
  전체 소요 시간     30.000s
  실제 시도 수/s     499,998.81
  초당 접수 성공 수  499,965.11
  초당 발행 결과 수  499,965.11
  pacing 지연 횟수   14,648,574
  pacing 지연 합계   534.523s

================================
런타임 부하 테스트 결과
================================

[실행 조건]
  시나리오           가격 변경 정정 (amend-price-change)
  심볼 수            1
  스윕 깊이          10
  발행 지연          0ms
  제한 시간          30s
  실행 모드          paced
  목표 명령 수/s     700,000
  warm-up 시간       10.000s
  측정 시간          30.000s

[warm-up 결과]
  시도한 명령 수     6,997,858
  접수 성공          6,997,336
  채널 포화          522
  미등록 심볼        0
  엔진 중지          0
  거부 합계          522
  접수 성공률        99.99%
  발행 결과          6,997,336
  주문 접수 결과     2,332,446
  주문 취소 결과     2,332,445
  주문 정정 결과     2,332,445
  체결 수            0
  메이커 갱신 수     0
  완료 여부          예
  접수 소요 시간     10.000s
  전체 소요 시간     10.001s
  실제 시도 수/s     699,785.78
  초당 접수 성공 수  699,733.58
  초당 발행 결과 수  699,657.65
  pacing 지연 횟수   6,882,101
  pacing 지연 합계   251.586s

[측정 결과]
  시도한 명령 수     20,993,698
  접수 성공          20,991,489
  채널 포화          2,209
  미등록 심볼        0
  엔진 중지          0
  거부 합계          2,209
  접수 성공률        99.99%
  발행 결과          20,991,489
  주문 접수 결과     6,997,197
  주문 취소 결과     6,997,149
  주문 정정 결과     6,997,143
  체결 수            0
  메이커 갱신 수     0
  완료 여부          예
  접수 소요 시간     30.000s
  전체 소요 시간     30.000s
  실제 시도 수/s     699,788.58
  초당 접수 성공 수  699,714.94
  초당 발행 결과 수  699,714.94
  pacing 지연 횟수   20,677,160
  pacing 지연 합계   788.878s

================================
런타임 부하 테스트 결과
================================

[실행 조건]
  시나리오           가격 변경 정정 (amend-price-change)
  심볼 수            1
  스윕 깊이          10
  발행 지연          0ms
  제한 시간          30s
  실행 모드          paced
  목표 명령 수/s     900,000
  warm-up 시간       10.000s
  측정 시간          30.000s

[warm-up 결과]
  시도한 명령 수     9,000,860
  접수 성공          8,935,996
  채널 포화          64,864
  미등록 심볼        0
  엔진 중지          0
  거부 합계          64,864
  접수 성공률        99.28%
  발행 결과          8,935,996
  주문 접수 결과     2,979,763
  주문 취소 결과     2,977,946
  주문 정정 결과     2,978,287
  체결 수            0
  메이커 갱신 수     0
  완료 여부          예
  접수 소요 시간     10.000s
  전체 소요 시간     10.003s
  실제 시도 수/s     900,084.26
  초당 접수 성공 수  893,597.87
  초당 발행 결과 수  893,304.89
  pacing 지연 횟수   8,904,781
  pacing 지연 합계   402.683s

[측정 결과]
  시도한 명령 수     27,002,684
  접수 성공          1,282,742
  채널 포화          25,719,942
  미등록 심볼        0
  엔진 중지          0
  거부 합계          25,719,942
  접수 성공률        4.75%
  발행 결과          1,282,742
  주문 접수 결과     460,827
  주문 취소 결과     411,415
  주문 정정 결과     410,500
  체결 수            0
  메이커 갱신 수     0
  완료 여부          예
  접수 소요 시간     30.000s
  전체 소요 시간     30.048s
  실제 시도 수/s     900,089.46
  초당 접수 성공 수  42,758.07
  초당 발행 결과 수  42,689.61
  pacing 지연 횟수   26,681,975
  pacing 지연 합계   959.283s

================================
런타임 부하 테스트 결과
================================

[실행 조건]
  시나리오           가격 변경 정정 (amend-price-change)
  심볼 수            1
  스윕 깊이          10
  발행 지연          0ms
  제한 시간          30s
  실행 모드          paced
  목표 명령 수/s     800,000
  warm-up 시간       10.000s
  측정 시간          30.000s

[warm-up 결과]
  시도한 명령 수     7,999,986
  접수 성공          7,998,857
  채널 포화          1,129
  미등록 심볼        0
  엔진 중지          0
  거부 합계          1,129
  접수 성공률        99.99%
  발행 결과          7,998,857
  주문 접수 결과     2,666,322
  주문 취소 결과     2,666,260
  주문 정정 결과     2,666,275
  체결 수            0
  메이커 갱신 수     0
  완료 여부          예
  접수 소요 시간     10.000s
  전체 소요 시간     10.000s
  실제 시도 수/s     799,994.69
  초당 접수 성공 수  799,881.79
  초당 발행 결과 수  799,881.78
  pacing 지연 횟수   7,886,488
  pacing 지연 합계   285.847s

[측정 결과]
  시도한 명령 수     23,999,998
  접수 성공          13,337,986
  채널 포화          10,662,012
  미등록 심볼        0
  엔진 중지          0
  거부 합계          10,662,012
  접수 성공률        55.57%
  발행 결과          13,337,986
  주문 접수 결과     4,466,492
  주문 취소 결과     4,435,601
  주문 정정 결과     4,435,893
  체결 수            0
  메이커 갱신 수     0
  완료 여부          예
  접수 소요 시간     30.000s
  전체 소요 시간     30.035s
  실제 시도 수/s     799,998.02
  초당 접수 성공 수  444,598.47
  초당 발행 결과 수  444,076.50
  pacing 지연 횟수   23,686,161
  pacing 지연 합계   987.345s

================================
런타임 부하 테스트 결과
================================

[실행 조건]
  시나리오           가격 변경 정정 (amend-price-change)
  심볼 수            1
  스윕 깊이          10
  발행 지연          0ms
  제한 시간          30s
  실행 모드          paced
  목표 명령 수/s     700,000
  warm-up 시간       10.000s
  측정 시간          30.000s

[warm-up 결과]
  시도한 명령 수     6,997,864
  접수 성공          6,997,338
  채널 포화          526
  미등록 심볼        0
  엔진 중지          0
  거부 합계          526
  접수 성공률        99.99%
  발행 결과          6,997,338
  주문 접수 결과     2,332,447
  주문 취소 결과     2,332,446
  주문 정정 결과     2,332,445
  체결 수            0
  메이커 갱신 수     0
  완료 여부          예
  접수 소요 시간     10.000s
  전체 소요 시간     10.001s
  실제 시도 수/s     699,786.40
  초당 접수 성공 수  699,733.80
  초당 발행 결과 수  699,657.53
  pacing 지연 횟수   6,887,015
  pacing 지연 합계   254.184s

[측정 결과]
  시도한 명령 수     20,993,667
  접수 성공          20,986,040
  채널 포화          7,627
  미등록 심볼        0
  엔진 중지          0
  거부 합계          7,627
  접수 성공률        99.96%
  발행 결과          20,986,040
  주문 접수 결과     6,995,403
  주문 취소 결과     6,995,308
  주문 정정 결과     6,995,329
  체결 수            0
  메이커 갱신 수     0
  완료 여부          예
  접수 소요 시간     30.000s
  전체 소요 시간     30.000s
  실제 시도 수/s     699,788.42
  초당 접수 성공 수  699,534.19
  초당 발행 결과 수  699,534.19
  pacing 지연 횟수   20,680,856
  pacing 지연 합계   801.565s

================================
런타임 부하 테스트 결과
================================

[실행 조건]
  시나리오           가격 변경 정정 (amend-price-change)
  심볼 수            1
  스윕 깊이          10
  발행 지연          0ms
  제한 시간          30s
  실행 모드          paced
  목표 명령 수/s     600,000
  warm-up 시간       10.000s
  측정 시간          30.000s

[warm-up 결과]
  시도한 명령 수     5,998,761
  접수 성공          5,997,160
  채널 포화          1,601
  미등록 심볼        0
  엔진 중지          0
  거부 합계          1,601
  접수 성공률        99.97%
  발행 결과          5,997,160
  주문 접수 결과     1,999,052
  주문 취소 결과     1,999,055
  주문 정정 결과     1,999,053
  체결 수            0
  메이커 갱신 수     0
  완료 여부          예
  접수 소요 시간     10.000s
  전체 소요 시간     10.000s
  실제 시도 수/s     599,875.74
  초당 접수 성공 수  599,715.64
  초당 발행 결과 수  599,715.64
  pacing 지연 횟수   5,888,641
  pacing 지연 합계   226.615s

[측정 결과]
  시도한 명령 수     17,996,383
  접수 성공          17,994,442
  채널 포화          1,941
  미등록 심볼        0
  엔진 중지          0
  거부 합계          1,941
  접수 성공률        99.99%
  발행 결과          17,994,442
  주문 접수 결과     5,998,146
  주문 취소 결과     5,998,148
  주문 정정 결과     5,998,148
  체결 수            0
  메이커 갱신 수     0
  완료 여부          예
  접수 소요 시간     30.000s
  전체 소요 시간     30.000s
  실제 시도 수/s     599,878.97
  초당 접수 성공 수  599,814.27
  초당 발행 결과 수  599,814.27
  pacing 지연 횟수   17,676,842
  pacing 지연 합계   667.984s

================================
런타임 부하 테스트 결과
================================

[실행 조건]
  시나리오           가격 변경 정정 (amend-price-change)
  심볼 수            1
  스윕 깊이          10
  발행 지연          0ms
  제한 시간          30s
  실행 모드          paced
  목표 명령 수/s     850,000
  warm-up 시간       10.000s
  측정 시간          30.000s

[warm-up 결과]
  시도한 명령 수     8,503,389
  접수 성공          6,368,566
  채널 포화          2,134,823
  미등록 심볼        0
  엔진 중지          0
  거부 합계          2,134,823
  접수 성공률        74.89%
  발행 결과          6,368,566
  주문 접수 결과     2,132,512
  주문 취소 결과     2,117,760
  주문 정정 결과     2,118,294
  체결 수            0
  메이커 갱신 수     0
  완료 여부          예
  접수 소요 시간     10.000s
  전체 소요 시간     10.015s
  실제 시도 수/s     850,334.37
  초당 접수 성공 수  636,853.21
  초당 발행 결과 수  635,899.20
  pacing 지연 횟수   8,405,993
  pacing 지연 합계   395.084s

[측정 결과]
  시도한 명령 수     25,510,168
  접수 성공          977,054
  채널 포화          24,533,114
  미등록 심볼        0
  엔진 중지          0
  거부 합계          24,533,114
  접수 성공률        3.83%
  발행 결과          977,054
  주문 접수 결과     348,368
  주문 취소 결과     314,730
  주문 정정 결과     313,956
  체결 수            0
  메이커 갱신 수     0
  완료 여부          예
  접수 소요 시간     30.000s
  전체 소요 시간     30.048s
  실제 시도 수/s     850,337.76
  초당 접수 성공 수  32,568.42
  초당 발행 결과 수  32,516.22
  pacing 지연 횟수   25,173,297
  pacing 지연 합계   921.812s
