================================
런타임 부하 테스트 결과
================================

[실행 조건]
  시나리오           부분 체결 후 잔존 (partial-fill-rest)
  심볼 수            1
  스윕 깊이          10
  발행 지연          0ms
  제한 시간          30s
  실행 모드          paced
  목표 명령 수/s     100,000
  warm-up 시간       10.000s
  측정 시간          30.000s

[warm-up 결과]
  시도한 명령 수     999,996
  접수 성공          999,004
  채널 포화          992
  미등록 심볼        0
  엔진 중지          0
  거부 합계          992
  접수 성공률        99.90%
  발행 결과          999,004
  주문 접수 결과     999,004
  주문 취소 결과     0
  주문 정정 결과     0
  체결 수            908,191
  메이커 갱신 수     908,191
  완료 여부          예
  접수 소요 시간     10.001s
  전체 소요 시간     10.001s
  실제 시도 수/s     99,989.37
  초당 접수 성공 수  99,890.18
  초당 발행 결과 수  99,890.18
  pacing 지연 횟수   990,126
  pacing 지연 합계   507.290s
  지연 표본 수       999,004
  지연 min           0µs
  지연 mean          221µs
  지연 p50           172µs
  지연 p95           372µs
  지연 p99           1.069ms
  지연 max           25.427ms

[측정 결과]
  시도한 명령 수     2,999,959
  접수 성공          2,999,959
  채널 포화          0
  미등록 심볼        0
  엔진 중지          0
  거부 합계          0
  접수 성공률        100.00%
  발행 결과          2,999,959
  주문 접수 결과     2,999,959
  주문 취소 결과     0
  주문 정정 결과     0
  체결 수            2,727,235
  메이커 갱신 수     2,727,235
  완료 여부          예
  접수 소요 시간     30.000s
  전체 소요 시간     30.002s
  실제 시도 수/s     99,998.63
  초당 접수 성공 수  99,998.63
  초당 발행 결과 수  99,991.16
  pacing 지연 횟수   2,970,277
  pacing 지연 합계   1434.539s
  지연 표본 수       2,999,959
  지연 min           0µs
  지연 mean          217µs
  지연 p50           172µs
  지연 p95           379µs
  지연 p99           868µs
  지연 max           10.881ms

================================
런타임 부하 테스트 결과
================================

[실행 조건]
  시나리오           부분 체결 후 잔존 (partial-fill-rest)
  심볼 수            1
  스윕 깊이          10
  발행 지연          0ms
  제한 시간          30s
  실행 모드          paced
  목표 명령 수/s     80,000
  warm-up 시간       10.000s
  측정 시간          30.000s

[warm-up 결과]
  시도한 명령 수     799,991
  접수 성공          799,991
  채널 포화          0
  미등록 심볼        0
  엔진 중지          0
  거부 합계          0
  접수 성공률        100.00%
  발행 결과          799,991
  주문 접수 결과     799,991
  주문 취소 결과     0
  주문 정정 결과     0
  체결 수            727,265
  메이커 갱신 수     727,265
  완료 여부          예
  접수 소요 시간     10.001s
  전체 소요 시간     10.001s
  실제 시도 수/s     79,993.97
  초당 접수 성공 수  79,993.97
  초당 발행 결과 수  79,993.97
  pacing 지연 횟수   790,118
  pacing 지연 합계   393.437s
  지연 표본 수       799,991
  지연 min           0µs
  지연 mean          190µs
  지연 p50           148µs
  지연 p95           341µs
  지연 p99           823µs
  지연 max           8.543ms

[측정 결과]
  시도한 명령 수     2,399,995
  접수 성공          2,399,995
  채널 포화          0
  미등록 심볼        0
  엔진 중지          0
  거부 합계          0
  접수 성공률        100.00%
  발행 결과          2,399,995
  주문 접수 결과     2,399,995
  주문 취소 결과     0
  주문 정정 결과     0
  체결 수            2,181,814
  메이커 갱신 수     2,181,814
  완료 여부          예
  접수 소요 시간     30.001s
  전체 소요 시간     30.001s
  실제 시도 수/s     79,997.46
  초당 접수 성공 수  79,997.46
  초당 발행 결과 수  79,997.46
  pacing 지연 횟수   2,370,257
  pacing 지연 합계   1153.141s
  지연 표본 수       2,399,995
  지연 min           0µs
  지연 mean          183µs
  지연 p50           154µs
  지연 p95           332µs
  지연 p99           674µs
  지연 max           8.094ms

================================
런타임 부하 테스트 결과
================================

[실행 조건]
  시나리오           부분 체결 후 잔존 (partial-fill-rest)
  심볼 수            1
  스윕 깊이          10
  발행 지연          0ms
  제한 시간          30s
  실행 모드          paced
  목표 명령 수/s     120,000
  warm-up 시간       10.000s
  측정 시간          30.000s

[warm-up 결과]
  시도한 명령 수     1,200,039
  접수 성공          1,198,349
  채널 포화          1,690
  미등록 심볼        0
  엔진 중지          0
  거부 합계          1,690
  접수 성공률        99.86%
  발행 결과          1,198,349
  주문 접수 결과     1,198,349
  주문 취소 결과     0
  주문 정정 결과     0
  체결 수            1,089,419
  메이커 갱신 수     1,089,419
  완료 여부          예
  접수 소요 시간     10.000s
  전체 소요 시간     10.002s
  실제 시도 수/s     120,003.89
  초당 접수 성공 수  119,834.89
  초당 발행 결과 수  119,809.23
  pacing 지연 횟수   1,190,226
  pacing 지연 합계   605.765s
  지연 표본 수       1,198,349
  지연 min           0µs
  지연 mean          306µs
  지연 p50           192µs
  지연 p95           496µs
  지연 p99           2.962ms
  지연 max           20.020ms

[측정 결과]
  시도한 명령 수     3,600,034
  접수 성공          3,594,282
  채널 포화          5,752
  미등록 심볼        0
  엔진 중지          0
  거부 합계          5,752
  접수 성공률        99.84%
  발행 결과          3,594,282
  주문 접수 결과     3,594,282
  주문 취소 결과     0
  주문 정정 결과     0
  체결 수            3,267,562
  메이커 갱신 수     3,267,562
  완료 여부          예
  접수 소요 시간     30.000s
  전체 소요 시간     30.000s
  실제 시도 수/s     120,001.13
  초당 접수 성공 수  119,809.40
  초당 발행 결과 수  119,809.40
  pacing 지연 횟수   3,570,534
  pacing 지연 합계   1793.288s
  지연 표본 수       3,594,282
  지연 min           0µs
  지연 mean          342µs
  지연 p50           195µs
  지연 p95           520µs
  지연 p99           4.535ms
  지연 max           18.310ms

================================
런타임 부하 테스트 결과
================================

[실행 조건]
  시나리오           부분 체결 후 잔존 (partial-fill-rest)
  심볼 수            1
  스윕 깊이          10
  발행 지연          0ms
  제한 시간          30s
  실행 모드          paced
  목표 명령 수/s     110,000
  warm-up 시간       10.000s
  측정 시간          30.000s

[warm-up 결과]
  시도한 명령 수     1,099,897
  접수 성공          1,099,810
  채널 포화          87
  미등록 심볼        0
  엔진 중지          0
  거부 합계          87
  접수 성공률        99.99%
  발행 결과          1,099,810
  주문 접수 결과     1,099,810
  주문 취소 결과     0
  주문 정정 결과     0
  체결 수            999,828
  메이커 갱신 수     999,828
  완료 여부          예
  접수 소요 시간     10.000s
  전체 소요 시간     10.000s
  실제 시도 수/s     109,989.29
  초당 접수 성공 수  109,980.59
  초당 발행 결과 수  109,980.58
  pacing 지연 횟수   1,090,017
  pacing 지연 합계   528.841s
  지연 표본 수       1,099,810
  지연 min           0µs
  지연 mean          227µs
  지연 p50           175µs
  지연 p95           422µs
  지연 p99           1.193ms
  지연 max           11.052ms

[측정 결과]
  시도한 명령 수     3,299,903
  접수 성공          3,297,908
  채널 포화          1,995
  미등록 심볼        0
  엔진 중지          0
  거부 합계          1,995
  접수 성공률        99.94%
  발행 결과          3,297,908
  주문 접수 결과     3,297,908
  주문 취소 결과     0
  주문 정정 결과     0
  체결 수            2,998,109
  메이커 갱신 수     2,998,109
  완료 여부          예
  접수 소요 시간     30.000s
  전체 소요 시간     30.000s
  실제 시도 수/s     109,995.65
  초당 접수 성공 수  109,929.15
  초당 발행 결과 수  109,929.14
  pacing 지연 횟수   3,270,303
  pacing 지연 합계   1601.804s
  지연 표본 수       3,297,908
  지연 min           0µs
  지연 mean          260µs
  지연 p50           184µs
  지연 p95           443µs
  지연 p99           1.675ms
  지연 max           18.373ms
