================================
런타임 부하 테스트 결과
================================

[실행 조건]
  시나리오           시장가 금액 스윕 (market-quote-sweep)
  심볼 수            1
  스윕 깊이          10
  발행 지연          0ms
  제한 시간          30s
  실행 모드          paced
  목표 명령 수/s     150,000
  warm-up 시간       10.000s
  측정 시간          30.000s

[warm-up 결과]
  시도한 명령 수     1,499,808
  접수 성공          1,495,863
  채널 포화          3,945
  미등록 심볼        0
  엔진 중지          0
  거부 합계          3,945
  접수 성공률        99.74%
  발행 결과          1,495,863
  주문 접수 결과     1,495,863
  주문 취소 결과     0
  주문 정정 결과     0
  체결 수            1,489,002
  메이커 갱신 수     1,489,002
  완료 여부          예
  접수 소요 시간     10.000s
  전체 소요 시간     10.000s
  실제 시도 수/s     149,977.22
  초당 접수 성공 수  149,582.72
  초당 발행 결과 수  149,582.72
  pacing 지연 횟수   1,489,951
  pacing 지연 합계   776.547s
  지연 표본 수       1,495,863
  지연 min           3µs
  지연 mean          260µs
  지연 p50           203µs
  지연 p95           558µs
  지연 p99           1.132ms
  지연 max           24.760ms

[측정 결과]
  시도한 명령 수     4,499,681
  접수 성공          4,495,926
  채널 포화          3,755
  미등록 심볼        0
  엔진 중지          0
  거부 합계          3,755
  접수 성공률        99.92%
  발행 결과          4,495,926
  주문 접수 결과     4,495,926
  주문 취소 결과     0
  주문 정정 결과     0
  체결 수            4,495,909
  메이커 갱신 수     4,495,909
  완료 여부          예
  접수 소요 시간     30.000s
  전체 소요 시간     30.000s
  실제 시도 수/s     149,987.74
  초당 접수 성공 수  149,862.58
  초당 발행 결과 수  149,862.57
  pacing 지연 횟수   4,470,100
  pacing 지연 합계   2172.621s
  지연 표본 수       4,495,926
  지연 min           0µs
  지연 mean          266µs
  지연 p50           212µs
  지연 p95           565µs
  지연 p99           1.170ms
  지연 max           9.851ms

================================
런타임 부하 테스트 결과
================================

[실행 조건]
  시나리오           시장가 금액 스윕 (market-quote-sweep)
  심볼 수            1
  스윕 깊이          10
  발행 지연          0ms
  제한 시간          30s
  실행 모드          paced
  목표 명령 수/s     120,000
  warm-up 시간       10.000s
  측정 시간          30.000s

[warm-up 결과]
  시도한 명령 수     1,199,989
  접수 성공          1,199,989
  채널 포화          0
  미등록 심볼        0
  엔진 중지          0
  거부 합계          0
  접수 성공률        100.00%
  발행 결과          1,199,989
  주문 접수 결과     1,199,989
  주문 취소 결과     0
  주문 정정 결과     0
  체결 수            1,090,890
  메이커 갱신 수     1,090,890
  완료 여부          예
  접수 소요 시간     10.000s
  전체 소요 시간     10.000s
  실제 시도 수/s     119,993.17
  초당 접수 성공 수  119,993.17
  초당 발행 결과 수  119,993.17
  pacing 지연 횟수   1,190,113
  pacing 지연 합계   574.905s
  지연 표본 수       1,199,989
  지연 min           2µs
  지연 mean          227µs
  지연 p50           170µs
  지연 p95           461µs
  지연 p99           1.048ms
  지연 max           7.989ms

[측정 결과]
  시도한 명령 수     3,600,131
  접수 성공          3,599,274
  채널 포화          857
  미등록 심볼        0
  엔진 중지          0
  거부 합계          857
  접수 성공률        99.98%
  발행 결과          3,599,274
  주문 접수 결과     3,599,274
  주문 취소 결과     0
  주문 정정 결과     0
  체결 수            3,571,247
  메이커 갱신 수     3,571,247
  완료 여부          예
  접수 소요 시간     30.001s
  전체 소요 시간     30.001s
  실제 시도 수/s     120,001.15
  초당 접수 성공 수  119,972.59
  초당 발행 결과 수  119,972.59
  pacing 지연 횟수   3,570,580
  pacing 지연 합계   1733.707s
  지연 표본 수       3,599,274
  지연 min           0µs
  지연 mean          254µs
  지연 p50           193µs
  지연 p95           513µs
  지연 p99           1.227ms
  지연 max           15.105ms

================================
런타임 부하 테스트 결과
================================

[실행 조건]
  시나리오           시장가 금액 스윕 (market-quote-sweep)
  심볼 수            1
  스윕 깊이          10
  발행 지연          0ms
  제한 시간          30s
  실행 모드          paced
  목표 명령 수/s     100,000
  warm-up 시간       10.000s
  측정 시간          30.000s

[warm-up 결과]
  시도한 명령 수     999,934
  접수 성공          999,934
  채널 포화          0
  미등록 심볼        0
  엔진 중지          0
  거부 합계          0
  접수 성공률        100.00%
  발행 결과          999,934
  주문 접수 결과     999,934
  주문 취소 결과     0
  주문 정정 결과     0
  체결 수            909,030
  메이커 갱신 수     909,030
  완료 여부          예
  접수 소요 시간     10.000s
  전체 소요 시간     10.000s
  실제 시도 수/s     99,990.43
  초당 접수 성공 수  99,990.43
  초당 발행 결과 수  99,990.43
  pacing 지연 횟수   990,037
  pacing 지연 합계   482.621s
  지연 표본 수       999,934
  지연 min           2µs
  지연 mean          203µs
  지연 p50           154µs
  지연 p95           409µs
  지연 p99           858µs
  지연 max           10.449ms

[측정 결과]
  시도한 명령 수     2,999,931
  접수 성공          2,998,127
  채널 포화          1,804
  미등록 심볼        0
  엔진 중지          0
  거부 합계          1,804
  접수 성공률        99.94%
  발행 결과          2,998,127
  주문 접수 결과     2,998,127
  주문 취소 결과     0
  주문 정정 결과     0
  체결 수            2,895,569
  메이커 갱신 수     2,895,569
  완료 여부          예
  접수 소요 시간     30.000s
  전체 소요 시간     30.000s
  실제 시도 수/s     99,996.70
  초당 접수 성공 수  99,936.57
  초당 발행 결과 수  99,936.56
  pacing 지연 횟수   2,970,337
  pacing 지연 합계   1492.668s
  지연 표본 수       2,998,127
  지연 min           0µs
  지연 mean          223µs
  지연 p50           168µs
  지연 p95           447µs
  지연 p99           997µs
  지연 max           12.573ms

================================
런타임 부하 테스트 결과
================================

[실행 조건]
  시나리오           시장가 금액 스윕 (market-quote-sweep)
  심볼 수            1
  스윕 깊이          10
  발행 지연          0ms
  제한 시간          30s
  실행 모드          paced
  목표 명령 수/s     80,000
  warm-up 시간       10.000s
  측정 시간          30.000s

[warm-up 결과]
  시도한 명령 수     799,940
  접수 성공          799,940
  채널 포화          0
  미등록 심볼        0
  엔진 중지          0
  거부 합계          0
  접수 성공률        100.00%
  발행 결과          799,940
  주문 접수 결과     799,940
  주문 취소 결과     0
  주문 정정 결과     0
  체결 수            727,210
  메이커 갱신 수     727,210
  완료 여부          예
  접수 소요 시간     10.000s
  전체 소요 시간     10.000s
  실제 시도 수/s     79,992.75
  초당 접수 성공 수  79,992.75
  초당 발행 결과 수  79,992.75
  pacing 지연 횟수   790,095
  pacing 지연 합계   393.354s
  지연 표본 수       799,940
  지연 min           3µs
  지연 mean          199µs
  지연 p50           134µs
  지연 p95           405µs
  지연 p99           1.176ms
  지연 max           7.591ms

[측정 결과]
  시도한 명령 수     2,399,967
  접수 성공          2,399,142
  채널 포화          825
  미등록 심볼        0
  엔진 중지          0
  거부 합계          825
  접수 성공률        99.97%
  발행 결과          2,399,142
  주문 접수 결과     2,399,142
  주문 취소 결과     0
  주문 정정 결과     0
  체결 수            2,198,081
  메이커 갱신 수     2,198,081
  완료 여부          예
  접수 소요 시간     30.000s
  전체 소요 시간     30.000s
  실제 시도 수/s     79,997.77
  초당 접수 성공 수  79,970.27
  초당 발행 결과 수  79,970.27
  pacing 지연 횟수   2,370,333
  pacing 지연 합계   1232.307s
  지연 표본 수       2,399,142
  지연 min           0µs
  지연 mean          189µs
  지연 p50           143µs
  지연 p95           373µs
  지연 p99           869µs
  지연 max           25.362ms
