 Container rustex-kafka  Running
 Container rustex-matching-engine  Running
 Container rustex-kafka  Waiting
 Container rustex-kafka  Healthy
================================
gRPC + Kafka 통합 부하 테스트 결과
================================

[실행 조건]
  시나리오                        : 미체결 지정가 잔존 (place-resting-limit)
  실행 모드                       : paced (target=40,000/s, duration=30.000s, warmup=5.000s)
  심볼 수                        : 1
  스윕 깊이                       : 10
  동시 실행(units)                : 512
  gRPC 연결 수(connections)      : 16
  gRPC 엔드포인트                  : http://matching-engine:50051
  Kafka 브로커                   : kafka:9092
  Kafka 토픽                    : matching-engine-events
  settle 제한 시간                : 15s

[gRPC 접수]
  시도한 명령 수                    : 1,199,912
  접수 성공(SUBMITTED)            : 1,192,864
  채널 포화(503)                  : 7,048
  거부(REJECTED)                : 0
  기타 에러                       : 0
  접수 성공률                      : 99.41%
  목표 명령 수                     : 1,200,000
  실제 시도율                      : 39995.8/s
  target 달성률                  : 99.99%
  target 달성 여부                : 예
  pacing 지연 횟수                : 1,177,973
  pacing 지연 누적                : 1648.497s
  pacing 최대 지연                : 66ms

[Kafka 수신 / 정합성]
  송신 알림 처리                    : 1,192,864
  수신 이벤트(중복 포함)               : 1,192,864
  고유 이벤트                      : 1,192,864
  상관 매칭                       : 1,192,864
  누락(접수했으나 미수신)               : 0
  중복 수신                       : 0
  미상관 수신                      : 0
  settle 완료                   : 예
  무손실 판정                      : 통과 (누락·중복 없음)

[gRPC ack 지연 (T2-T1: 송신→SUBMITTED)]
  표본 수                        : 1,192,864
  min                         : 43µs
  p50                         : 1.192ms
  p90                         : 15.870ms
  p99                         : 38.919ms
  p99.9                       : 53.190ms
  max                         : 94.864ms
  mean                        : 4.362ms

[post-ack 지연 (T3-T2: SUBMITTED→Kafka)]
  표본 수                        : 1,192,864
  min                         : 0µs
  p50                         : 4.018ms
  p90                         : 5.947ms
  p99                         : 31.811ms
  p99.9                       : 93.547ms
  max                         : 248.113ms
  mean                        : 5.067ms

[E2E 지연 (T3-T1: 송신→Kafka)]
  표본 수                        : 1,192,864
  min                         : 611µs
  p50                         : 5.886ms
  p90                         : 24.315ms
  p99                         : 45.087ms
  p99.9                       : 94.175ms
  max                         : 248.424ms
  mean                        : 9.402ms

[처리량]
  접수 소요 시간                    : 30.001s
  전체 소요 시간(접수+settle)         : 30.066s
  초당 접수 성공 수                  : 39760.8/s
  초당 종단 수신 수(E2E)             : 39675.1/s
 Container rustex-kafka  Running
 Container rustex-matching-engine  Running
 Container rustex-kafka  Waiting
 Container rustex-kafka  Healthy
================================
gRPC + Kafka 통합 부하 테스트 결과
================================

[실행 조건]
  시나리오                        : 미체결 지정가 잔존 (place-resting-limit)
  실행 모드                       : paced (target=25,000/s, duration=30.000s, warmup=5.000s)
  심볼 수                        : 1
  스윕 깊이                       : 10
  동시 실행(units)                : 512
  gRPC 연결 수(connections)      : 16
  gRPC 엔드포인트                  : http://matching-engine:50051
  Kafka 브로커                   : kafka:9092
  Kafka 토픽                    : matching-engine-events
  settle 제한 시간                : 15s

[gRPC 접수]
  시도한 명령 수                    : 749,968
  접수 성공(SUBMITTED)            : 749,968
  채널 포화(503)                  : 0
  거부(REJECTED)                : 0
  기타 에러                       : 0
  접수 성공률                      : 100.00%
  목표 명령 수                     : 750,000
  실제 시도율                      : 24997.5/s
  target 달성률                  : 100.00%
  target 달성 여부                : 예
  pacing 지연 횟수                : 728,446
  pacing 지연 누적                : 737.611s
  pacing 최대 지연                : 4ms

[Kafka 수신 / 정합성]
  송신 알림 처리                    : 749,968
  수신 이벤트(중복 포함)               : 749,968
  고유 이벤트                      : 749,968
  상관 매칭                       : 749,968
  누락(접수했으나 미수신)               : 0
  중복 수신                       : 0
  미상관 수신                      : 0
  settle 완료                   : 예
  무손실 판정                      : 통과 (누락·중복 없음)

[gRPC ack 지연 (T2-T1: 송신→SUBMITTED)]
  표본 수                        : 749,968
  min                         : 42µs
  p50                         : 481µs
  p90                         : 990µs
  p99                         : 1.890ms
  p99.9                       : 3.466ms
  max                         : 8.143ms
  mean                        : 557µs

[post-ack 지연 (T3-T2: SUBMITTED→Kafka)]
  표본 수                        : 749,968
  min                         : 0µs
  p50                         : 4.002ms
  p90                         : 6.319ms
  p99                         : 7.440ms
  p99.9                       : 17.007ms
  max                         : 23.603ms
  mean                        : 3.857ms

[E2E 지연 (T3-T1: 송신→Kafka)]
  표본 수                        : 749,968
  min                         : 511µs
  p50                         : 4.452ms
  p90                         : 6.882ms
  p99                         : 8.281ms
  p99.9                       : 17.464ms
  max                         : 23.873ms
  mean                        : 4.415ms

[처리량]
  접수 소요 시간                    : 30.002s
  전체 소요 시간(접수+settle)         : 30.022s
  초당 접수 성공 수                  : 24997.5/s
  초당 종단 수신 수(E2E)             : 24980.5/s
 Container rustex-kafka  Running
 Container rustex-matching-engine  Running
 Container rustex-kafka  Waiting
 Container rustex-kafka  Healthy
================================
gRPC + Kafka 통합 부하 테스트 결과
================================

[실행 조건]
  시나리오                        : 미체결 지정가 잔존 (place-resting-limit)
  실행 모드                       : paced (target=50,000/s, duration=30.000s, warmup=5.000s)
  심볼 수                        : 1
  스윕 깊이                       : 10
  동시 실행(units)                : 512
  gRPC 연결 수(connections)      : 16
  gRPC 엔드포인트                  : http://matching-engine:50051
  Kafka 브로커                   : kafka:9092
  Kafka 토픽                    : matching-engine-events
  settle 제한 시간                : 15s

[gRPC 접수]
  시도한 명령 수                    : 1,408,143
  접수 성공(SUBMITTED)            : 1,408,143
  채널 포화(503)                  : 0
  거부(REJECTED)                : 0
  기타 에러                       : 0
  접수 성공률                      : 100.00%
  목표 명령 수                     : 1,500,000
  실제 시도율                      : 46921.9/s
  target 달성률                  : 93.88%
  target 달성 여부                : 아니오
  pacing 지연 횟수                : 1,407,977
  pacing 지연 누적                : 1279530.267s
  pacing 최대 지연                : 1.852s

[Kafka 수신 / 정합성]
  송신 알림 처리                    : 1,408,143
  수신 이벤트(중복 포함)               : 1,408,143
  고유 이벤트                      : 1,408,143
  상관 매칭                       : 1,408,143
  누락(접수했으나 미수신)               : 0
  중복 수신                       : 0
  미상관 수신                      : 0
  settle 완료                   : 예
  무손실 판정                      : 통과 (누락·중복 없음)

[gRPC ack 지연 (T2-T1: 송신→SUBMITTED)]
  표본 수                        : 1,408,143
  min                         : 47µs
  p50                         : 3.497ms
  p90                         : 38.885ms
  p99                         : 67.109ms
  p99.9                       : 84.513ms
  max                         : 152.593ms
  mean                        : 8.831ms

[post-ack 지연 (T3-T2: SUBMITTED→Kafka)]
  표본 수                        : 1,408,143
  min                         : 0µs
  p50                         : 3.476ms
  p90                         : 5.644ms
  p99                         : 50.577ms
  p99.9                       : 56.550ms
  max                         : 59.802ms
  mean                        : 5.551ms

[E2E 지연 (T3-T1: 송신→Kafka)]
  표본 수                        : 1,408,143
  min                         : 709µs
  p50                         : 7.169ms
  p90                         : 47.622ms
  p99                         : 70.605ms
  p99.9                       : 88.457ms
  max                         : 132.430ms
  mean                        : 14.202ms

[처리량]
  접수 소요 시간                    : 30.010s
  전체 소요 시간(접수+settle)         : 30.044s
  초당 접수 성공 수                  : 46921.9/s
  초당 종단 수신 수(E2E)             : 46869.4/s
