================================
런타임 부하 테스트 결과
================================

[실행 조건]
  시나리오           동일 호가 전량 체결 (full-fill-same-level)
  심볼 수            1
  스윕 깊이          10
  발행 지연          0ms
  제한 시간          30s
  실행 모드          paced
  목표 명령 수/s     120,000
  warm-up 시간       10.000s
  측정 시간          30.000s

[warm-up 결과]
  시도한 명령 수     1,199,964
  접수 성공          1,199,789
  채널 포화          175
  미등록 심볼        0
  엔진 중지          0
  거부 합계          175
  접수 성공률        99.99%
  발행 결과          1,199,789
  주문 접수 결과     1,199,789
  주문 취소 결과     0
  주문 정정 결과     0
  체결 수            1,090,702
  메이커 갱신 수     1,090,702
  완료 여부          예
  접수 소요 시간     10.000s
  전체 소요 시간     10.000s
  실제 시도 수/s     119,996.28
  초당 접수 성공 수  119,978.78
  초당 발행 결과 수  119,978.77
  pacing 지연 횟수   1,190,147
  pacing 지연 합계   590.073s
  지연 표본 수       1,199,789
  지연 min           0µs
  지연 mean          225µs
  지연 p50           162µs
  지연 p95           451µs
  지연 p99           1.157ms
  지연 max           16.688ms

[측정 결과]
  시도한 명령 수     3,600,043
  접수 성공          3,594,170
  채널 포화          5,873
  미등록 심볼        0
  엔진 중지          0
  거부 합계          5,873
  접수 성공률        99.84%
  발행 결과          3,594,170
  주문 접수 결과     3,594,170
  주문 취소 결과     0
  주문 정정 결과     0
  체결 수            3,267,382
  메이커 갱신 수     3,267,382
  완료 여부          예
  접수 소요 시간     30.000s
  전체 소요 시간     30.002s
  실제 시도 수/s     120,001.39
  초당 접수 성공 수  119,805.62
  초당 발행 결과 수  119,797.96
  pacing 지연 횟수   3,570,569
  pacing 지연 합계   1878.706s
  지연 표본 수       3,594,170
  지연 min           0µs
  지연 mean          222µs
  지연 p50           162µs
  지연 p95           448µs
  지연 p99           1.112ms
  지연 max           24.118ms

================================
런타임 부하 테스트 결과
================================

[실행 조건]
  시나리오           동일 호가 전량 체결 (full-fill-same-level)
  심볼 수            1
  스윕 깊이          10
  발행 지연          0ms
  제한 시간          30s
  실행 모드          paced
  목표 명령 수/s     100,000
  warm-up 시간       10.000s
  측정 시간          30.000s

[warm-up 결과]
  시도한 명령 수     999,941
  접수 성공          999,941
  채널 포화          0
  미등록 심볼        0
  엔진 중지          0
  거부 합계          0
  접수 성공률        100.00%
  발행 결과          999,941
  주문 접수 결과     999,941
  주문 취소 결과     0
  주문 정정 결과     0
  체결 수            909,030
  메이커 갱신 수     909,030
  완료 여부          예
  접수 소요 시간     10.000s
  전체 소요 시간     10.000s
  실제 시도 수/s     99,990.76
  초당 접수 성공 수  99,990.76
  초당 발행 결과 수  99,990.75
  pacing 지연 횟수   990,028
  pacing 지연 합계   475.388s
  지연 표본 수       999,941
  지연 min           0µs
  지연 mean          180µs
  지연 p50           138µs
  지연 p95           367µs
  지연 p99           669µs
  지연 max           5.585ms

[측정 결과]
  시도한 명령 수     2,999,934
  접수 성공          2,999,934
  채널 포화          0
  미등록 심볼        0
  엔진 중지          0
  거부 합계          0
  접수 성공률        100.00%
  발행 결과          2,999,934
  주문 접수 결과     2,999,934
  주문 취소 결과     0
  주문 정정 결과     0
  체결 수            2,727,220
  메이커 갱신 수     2,727,220
  완료 여부          예
  접수 소요 시간     30.000s
  전체 소요 시간     30.000s
  실제 시도 수/s     99,996.34
  초당 접수 성공 수  99,996.34
  초당 발행 결과 수  99,996.34
  pacing 지연 횟수   2,970,230
  pacing 지연 합계   1429.853s
  지연 표본 수       2,999,934
  지연 min           0µs
  지연 mean          186µs
  지연 p50           141µs
  지연 p95           364µs
  지연 p99           792µs
  지연 max           7.501ms

================================
런타임 부하 테스트 결과
================================

[실행 조건]
  시나리오           동일 호가 전량 체결 (full-fill-same-level)
  심볼 수            1
  스윕 깊이          10
  발행 지연          0ms
  제한 시간          30s
  실행 모드          paced
  목표 명령 수/s     80,000
  warm-up 시간       10.000s
  측정 시간          30.000s

[warm-up 결과]
  시도한 명령 수     799,941
  접수 성공          799,941
  채널 포화          0
  미등록 심볼        0
  엔진 중지          0
  거부 합계          0
  접수 성공률        100.00%
  발행 결과          799,941
  주문 접수 결과     799,941
  주문 취소 결과     0
  주문 정정 결과     0
  체결 수            727,210
  메이커 갱신 수     727,210
  완료 여부          예
  접수 소요 시간     10.000s
  전체 소요 시간     10.000s
  실제 시도 수/s     79,992.39
  초당 접수 성공 수  79,992.39
  초당 발행 결과 수  79,992.38
  pacing 지연 횟수   790,045
  pacing 지연 합계   387.223s
  지연 표본 수       799,941
  지연 min           0µs
  지연 mean          171µs
  지연 p50           129µs
  지연 p95           331µs
  지연 p99           755µs
  지연 max           6.346ms

[측정 결과]
  시도한 명령 수     2,399,938
  접수 성공          2,399,938
  채널 포화          0
  미등록 심볼        0
  엔진 중지          0
  거부 합계          0
  접수 성공률        100.00%
  발행 결과          2,399,938
  주문 접수 결과     2,399,938
  주문 취소 결과     0
  주문 정정 결과     0
  체결 수            2,181,770
  메이커 갱신 수     2,181,770
  완료 여부          예
  접수 소요 시간     30.000s
  전체 소요 시간     30.000s
  실제 시도 수/s     79,997.55
  초당 접수 성공 수  79,997.55
  초당 발행 결과 수  79,997.55
  pacing 지연 횟수   2,370,223
  pacing 지연 합계   1153.800s
  지연 표본 수       2,399,938
  지연 min           0µs
  지연 mean          163µs
  지연 p50           125µs
  지연 p95           329µs
  지연 p99           755µs
  지연 max           9.181ms
