# runtime_stress 2026-06-09 place-resting-limit

================================
런타임 부하 테스트 결과
================================

[실행 조건]
  시나리오           미체결 지정가 잔존 (place-resting-limit)
  심볼 수            1
  스윕 깊이          10
  발행 지연          0ms
  제한 시간          30s
  실행 모드          paced
  목표 명령 수/s     100,000
  warm-up 시간       10.000s
  측정 시간          30.000s

[warm-up 결과]
  시도한 명령 수     999,999
  접수 성공          956,860
  채널 포화          43,139
  미등록 심볼        0
  엔진 중지          0
  거부 합계          43,139
  접수 성공률        95.69%
  발행 결과          956,860
  주문 접수 결과     956,860
  주문 취소 결과     0
  주문 정정 결과     0
  체결 수            0
  메이커 갱신 수     0
  완료 여부          예
  접수 소요 시간     10.000s
  전체 소요 시간     10.000s
  실제 시도 수/s     99,999.35
  초당 접수 성공 수  95,685.47
  초당 발행 결과 수  95,685.47
  pacing 지연 횟수   875,708
  pacing 지연 합계   29.200s

[측정 결과]
  시도한 명령 수     2,999,999
  접수 성공          2,853,671
  채널 포화          146,328
  미등록 심볼        0
  엔진 중지          0
  거부 합계          146,328
  접수 성공률        95.12%
  발행 결과          2,853,671
  주문 접수 결과     2,853,671
  주문 취소 결과     0
  주문 정정 결과     0
  체결 수            0
  메이커 갱신 수     0
  완료 여부          예
  접수 소요 시간     30.000s
  전체 소요 시간     30.000s
  실제 시도 수/s     99,999.78
  초당 접수 성공 수  95,122.19
  초당 발행 결과 수  95,122.19
  pacing 지연 횟수   2,629,292
  pacing 지연 합계   88.562s

================================
런타임 부하 테스트 결과
================================

[실행 조건]
  시나리오           미체결 지정가 잔존 (place-resting-limit)
  심볼 수            1
  스윕 깊이          10
  발행 지연          0ms
  제한 시간          30s
  실행 모드          paced
  목표 명령 수/s     90,000
  warm-up 시간       10.000s
  측정 시간          30.000s

[warm-up 결과]
  시도한 명령 수     900,005
  접수 성공          882,643
  채널 포화          17,362
  미등록 심볼        0
  엔진 중지          0
  거부 합계          17,362
  접수 성공률        98.07%
  발행 결과          882,643
  주문 접수 결과     882,643
  주문 취소 결과     0
  주문 정정 결과     0
  체결 수            0
  메이커 갱신 수     0
  완료 여부          예
  접수 소요 시간     10.000s
  전체 소요 시간     10.000s
  실제 시도 수/s     90,000.31
  초당 접수 성공 수  88,264.12
  초당 발행 결과 수  88,264.12
  pacing 지연 횟수   776,408
  pacing 지연 합계   27.685s

[측정 결과]
  시도한 명령 수     2,700,027
  접수 성공          2,634,932
  채널 포화          65,095
  미등록 심볼        0
  엔진 중지          0
  거부 합계          65,095
  접수 성공률        97.59%
  발행 결과          2,634,932
  주문 접수 결과     2,634,932
  주문 취소 결과     0
  주문 정정 결과     0
  체결 수            0
  메이커 갱신 수     0
  완료 여부          예
  접수 소요 시간     30.000s
  전체 소요 시간     30.000s
  실제 시도 수/s     90,000.71
  초당 접수 성공 수  87,830.88
  초당 발행 결과 수  87,830.88
  pacing 지연 횟수   2,326,612
  pacing 지연 합계   78.419s

================================
런타임 부하 테스트 결과
================================

[실행 조건]
시나리오           미체결 지정가 잔존 (place-resting-limit)
심볼 수            1
스윕 깊이          10
발행 지연          0ms
제한 시간          30s
실행 모드          paced
목표 명령 수/s     80,000
warm-up 시간       10.000s
측정 시간          30.000s

[warm-up 결과]
시도한 명령 수     799,997
접수 성공          784,899
채널 포화          15,098
미등록 심볼        0
엔진 중지          0
거부 합계          15,098
접수 성공률        98.11%
발행 결과          784,899
주문 접수 결과     784,899
주문 취소 결과     0
주문 정정 결과     0
체결 수            0
메이커 갱신 수     0
완료 여부          예
접수 소요 시간     10.000s
전체 소요 시간     10.000s
실제 시도 수/s     79,999.47
초당 접수 성공 수  78,489.68
초당 발행 결과 수  78,489.68
pacing 지연 횟수   674,481
pacing 지연 합계   23.118s

[측정 결과]
시도한 명령 수     2,399,998
접수 성공          2,338,835
채널 포화          61,163
미등록 심볼        0
엔진 중지          0
거부 합계          61,163
접수 성공률        97.45%
발행 결과          2,338,835
주문 접수 결과     2,338,835
주문 취소 결과     0
주문 정정 결과     0
체결 수            0
메이커 갱신 수     0
완료 여부          예
접수 소요 시간     30.000s
전체 소요 시간     30.000s
실제 시도 수/s     79,999.83
초당 접수 성공 수  77,961.06
초당 발행 결과 수  77,961.06
pacing 지연 횟수   2,023,295
pacing 지연 합계   69.854s

================================
런타임 부하 테스트 결과
================================

[실행 조건]
    시나리오           미체결 지정가 잔존 (place-resting-limit)
    심볼 수            1
    스윕 깊이          10
    발행 지연          0ms
    제한 시간          30s
    실행 모드          paced
    목표 명령 수/s     70,000
    warm-up 시간       10.000s
    측정 시간          30.000s

[warm-up 결과]
    시도한 명령 수     699,985
    접수 성공          686,952
    채널 포화          13,033
    미등록 심볼        0
    엔진 중지          0
    거부 합계          13,033
    접수 성공률        98.14%
    발행 결과          686,952
    주문 접수 결과     686,952
    주문 취소 결과     0
    주문 정정 결과     0
    체결 수            0
    메이커 갱신 수     0
    완료 여부          예
    접수 소요 시간     10.000s
    전체 소요 시간     10.001s
    실제 시도 수/s     69,998.50
    초당 접수 성공 수  68,695.20
    초당 발행 결과 수  68,687.75
    pacing 지연 횟수   570,844
    pacing 지연 합계   19.166s

[측정 결과]
    시도한 명령 수     2,099,955
    접수 성공          2,048,634
    채널 포화          51,321
    미등록 심볼        0
    엔진 중지          0
    거부 합계          51,321
    접수 성공률        97.56%
    발행 결과          2,048,634
    주문 접수 결과     2,048,634
    주문 취소 결과     0
    주문 정정 결과     0
    체결 수            0
    메이커 갱신 수     0
    완료 여부          예
    접수 소요 시간     30.000s
    전체 소요 시간     30.000s
    실제 시도 수/s     69,998.45
    초당 접수 성공 수  68,287.75
    초당 발행 결과 수  68,287.75
    pacing 지연 횟수   1,720,878
    pacing 지연 합계   58.937s

================================
런타임 부하 테스트 결과
================================

[실행 조건]
    시나리오           미체결 지정가 잔존 (place-resting-limit)
    심볼 수            1
    스윕 깊이          10
    발행 지연          0ms
    제한 시간          30s
    실행 모드          paced
    목표 명령 수/s     60,000
    warm-up 시간       10.000s
    측정 시간          30.000s

[warm-up 결과]
    시도한 명령 수     599,985
    접수 성공          589,638
    채널 포화          10,347
    미등록 심볼        0
    엔진 중지          0
    거부 합계          10,347
    접수 성공률        98.28%
    발행 결과          589,638
    주문 접수 결과     589,638
    주문 취소 결과     0
    주문 정정 결과     0
    체결 수            0
    메이커 갱신 수     0
    완료 여부          예
    접수 소요 시간     10.000s
    전체 소요 시간     10.001s
    실제 시도 수/s     59,998.49
    초당 접수 성공 수  58,963.79
    초당 발행 결과 수  58,957.45
    pacing 지연 횟수   480,661
    pacing 지연 합계   14.707s

[측정 결과]
    시도한 명령 수     1,799,960
    접수 성공          1,757,363
    채널 포화          42,597
    미등록 심볼        0
    엔진 중지          0
    거부 합계          42,597
    접수 성공률        97.63%
    발행 결과          1,757,363
    주문 접수 결과     1,757,363
    주문 취소 결과     0
    주문 정정 결과     0
    체결 수            0
    메이커 갱신 수     0
    완료 여부          예
    접수 소요 시간     30.000s
    전체 소요 시간     30.000s
    실제 시도 수/s     59,998.66
    초당 접수 성공 수  58,578.76
    초당 발행 결과 수  58,578.76
    pacing 지연 횟수   1,442,761
    pacing 지연 합계   44.634s

================================
런타임 부하 테스트 결과
================================

[실행 조건]
    시나리오           미체결 지정가 잔존 (place-resting-limit)
    심볼 수            1
    스윕 깊이          10
    발행 지연          0ms
    제한 시간          30s
    실행 모드          paced
    목표 명령 수/s     50,000
    warm-up 시간       10.000s
    측정 시간          30.000s

[warm-up 결과]
    시도한 명령 수     499,998
    접수 성공          491,816
    채널 포화          8,182
    미등록 심볼        0
    엔진 중지          0
    거부 합계          8,182
    접수 성공률        98.36%
    발행 결과          491,816
    주문 접수 결과     491,816
    주문 취소 결과     0
    주문 정정 결과     0
    체결 수            0
    메이커 갱신 수     0
    완료 여부          예
    접수 소요 시간     10.000s
    전체 소요 시간     10.000s
    실제 시도 수/s     49,999.65
    초당 접수 성공 수  49,181.45
    초당 발행 결과 수  49,181.45
    pacing 지연 횟수   379,042
    pacing 지연 합계   12.845s

[측정 결과]
    시도한 명령 수     1,500,000
    접수 성공          1,465,011
    채널 포화          34,989
    미등록 심볼        0
    엔진 중지          0
    거부 합계          34,989
    접수 성공률        97.67%
    발행 결과          1,465,011
    주문 접수 결과     1,465,011
    주문 취소 결과     0
    주문 정정 결과     0
    체결 수            0
    메이커 갱신 수     0
    완료 여부          예
    접수 소요 시간     30.000s
    전체 소요 시간     30.000s
    실제 시도 수/s     49,999.88
    초당 접수 성공 수  48,833.58
    초당 발행 결과 수  48,833.58
    pacing 지연 횟수   1,137,795
    pacing 지연 합계   37.242s

================================
런타임 부하 테스트 결과
================================

[실행 조건]
    시나리오           미체결 지정가 잔존 (place-resting-limit)
    심볼 수            1
    스윕 깊이          10
    발행 지연          0ms
    제한 시간          30s
    실행 모드          paced
    목표 명령 수/s     20,000
    warm-up 시간       10.000s
    측정 시간          30.000s

[warm-up 결과]
    시도한 명령 수     199,999
    접수 성공          199,999
    채널 포화          0
    미등록 심볼        0
    엔진 중지          0
    거부 합계          0
    접수 성공률        100.00%
    발행 결과          199,999
    주문 접수 결과     199,999
    주문 취소 결과     0
    주문 정정 결과     0
    체결 수            0
    메이커 갱신 수     0
    완료 여부          예
    접수 소요 시간     10.000s
    전체 소요 시간     10.000s
    실제 시도 수/s     19,999.87
    초당 접수 성공 수  19,999.87
    초당 발행 결과 수  19,999.87
    pacing 지연 횟수   100,621
    pacing 지연 합계   2.210s

[측정 결과]
    시도한 명령 수     600,000
    접수 성공          598,294
    채널 포화          1,706
    미등록 심볼        0
    엔진 중지          0
    거부 합계          1,706
    접수 성공률        99.72%
    발행 결과          598,294
    주문 접수 결과     598,294
    주문 취소 결과     0
    주문 정정 결과     0
    체결 수            0
    메이커 갱신 수     0
    완료 여부          예
    접수 소요 시간     30.000s
    전체 소요 시간     30.000s
    실제 시도 수/s     19,999.96
    초당 접수 성공 수  19,943.09
    초당 발행 결과 수  19,943.09
    pacing 지연 횟수   301,230
    pacing 지연 합계   7.362s

================================
런타임 부하 테스트 결과
================================

[실행 조건]
    시나리오           미체결 지정가 잔존 (place-resting-limit)
    심볼 수            1
    스윕 깊이          10
    발행 지연          0ms
    제한 시간          30s
    실행 모드          paced
    목표 명령 수/s     10,000
    warm-up 시간       10.000s
    측정 시간          30.000s

[warm-up 결과]
    시도한 명령 수     100,000
    접수 성공          100,000
    채널 포화          0
    미등록 심볼        0
    엔진 중지          0
    거부 합계          0
    접수 성공률        100.00%
    발행 결과          100,000
    주문 접수 결과     100,000
    주문 취소 결과     0
    주문 정정 결과     0
    체결 수            0
    메이커 갱신 수     0
    완료 여부          예
    접수 소요 시간     10.000s
    전체 소요 시간     10.000s
    실제 시도 수/s     9,999.93
    초당 접수 성공 수  9,999.93
    초당 발행 결과 수  9,999.93
    pacing 지연 횟수   1,106
    pacing 지연 합계   31.065ms

[측정 결과]
    시도한 명령 수     300,000
    접수 성공          300,000
    채널 포화          0
    미등록 심볼        0
    엔진 중지          0
    거부 합계          0
    접수 성공률        100.00%
    발행 결과          300,000
    주문 접수 결과     300,000
    주문 취소 결과     0
    주문 정정 결과     0
    체결 수            0
    메이커 갱신 수     0
    완료 여부          예
    접수 소요 시간     30.000s
    전체 소요 시간     30.000s
    실제 시도 수/s     9,999.97
    초당 접수 성공 수  9,999.97
    초당 발행 결과 수  9,999.97
    pacing 지연 횟수   4,514
    pacing 지연 합계   326.150ms

================================
런타임 부하 테스트 결과
================================

[실행 조건]
    시나리오           미체결 지정가 잔존 (place-resting-limit)
    심볼 수            1
    스윕 깊이          10
    발행 지연          0ms
    제한 시간          30s
    실행 모드          paced
    목표 명령 수/s     15,000
    warm-up 시간       10.000s
    측정 시간          30.000s

[warm-up 결과]
    시도한 명령 수     149,999
    접수 성공          149,999
    채널 포화          0
    미등록 심볼        0
    엔진 중지          0
    거부 합계          0
    접수 성공률        100.00%
    발행 결과          149,999
    주문 접수 결과     149,999
    주문 취소 결과     0
    주문 정정 결과     0
    체결 수            0
    메이커 갱신 수     0
    완료 여부          예
    접수 소요 시간     10.000s
    전체 소요 시간     10.000s
    실제 시도 수/s     14,999.82
    초당 접수 성공 수  14,999.82
    초당 발행 결과 수  14,999.82
    pacing 지연 횟수   74,295
    pacing 지연 합계   440.706ms

[측정 결과]
    시도한 명령 수     449,997
    접수 성공          449,072
    채널 포화          925
    미등록 심볼        0
    엔진 중지          0
    거부 합계          925
    접수 성공률        99.79%
    발행 결과          449,072
    주문 접수 결과     449,072
    주문 취소 결과     0
    주문 정정 결과     0
    체결 수            0
    메이커 갱신 수     0
    완료 여부          예
    접수 소요 시간     30.000s
    전체 소요 시간     30.000s
    실제 시도 수/s     14,999.89
    초당 접수 성공 수  14,969.06
    초당 발행 결과 수  14,969.06
    pacing 지연 횟수   223,579
    pacing 지연 합계   1.530s
