# runtime_stress 2026-06-09 amend-decrease-qty

================================
런타임 부하 테스트 결과
================================

[실행 조건]
  시나리오           수량 감소 정정 (amend-decrease-qty)
  심볼 수            1
  스윕 깊이          10
  발행 지연          0ms
  제한 시간          30s
  실행 모드          paced
  목표 명령 수/s     200,000
  warm-up 시간       10.000s
  측정 시간          30.000s

[warm-up 결과]
  시도한 명령 수     1,999,988
  접수 성공          1,999,988
  채널 포화          0
  미등록 심볼        0
  엔진 중지          0
  거부 합계          0
  접수 성공률        100.00%
  발행 결과          1,999,988
  주문 접수 결과     666,663
  주문 취소 결과     666,662
  주문 정정 결과     666,663
  체결 수            0
  메이커 갱신 수     0
  완료 여부          예
  접수 소요 시간     10.000s
  전체 소요 시간     10.000s
  실제 시도 수/s     199,998.57
  초당 접수 성공 수  199,998.57
  초당 발행 결과 수  199,998.56
  pacing 지연 횟수   1,871,505
  pacing 지연 합계   66.279s

[측정 결과]
  시도한 명령 수     5,999,997
  접수 성공          5,999,997
  채널 포화          0
  미등록 심볼        0
  엔진 중지          0
  거부 합계          0
  접수 성공률        100.00%
  발행 결과          5,999,997
  주문 접수 결과     1,999,999
  주문 취소 결과     1,999,999
  주문 정정 결과     1,999,999
  체결 수            0
  메이커 갱신 수     0
  완료 여부          예
  접수 소요 시간     30.000s
  전체 소요 시간     30.000s
  실제 시도 수/s     199,999.56
  초당 접수 성공 수  199,999.56
  초당 발행 결과 수  199,999.56
  pacing 지연 횟수   5,621,198
  pacing 지연 합계   201.208s

================================
런타임 부하 테스트 결과
================================

[실행 조건]
  시나리오           수량 감소 정정 (amend-decrease-qty)
  심볼 수            1
  스윕 깊이          10
  발행 지연          0ms
  제한 시간          30s
  실행 모드          paced
  목표 명령 수/s     500,000
  warm-up 시간       10.000s
  측정 시간          30.000s

[warm-up 결과]
  시도한 명령 수     4,999,975
  접수 성공          4,999,067
  채널 포화          908
  미등록 심볼        0
  엔진 중지          0
  거부 합계          908
  접수 성공률        99.98%
  발행 결과          4,999,067
  주문 접수 결과     1,666,361
  주문 취소 결과     1,666,353
  주문 정정 결과     1,666,353
  체결 수            0
  메이커 갱신 수     0
  완료 여부          예
  접수 소요 시간     10.000s
  전체 소요 시간     10.001s
  실제 시도 수/s     499,997.49
  초당 접수 성공 수  499,906.69
  초당 발행 결과 수  499,852.59
  pacing 지연 횟수   4,884,557
  pacing 지연 합계   183.385s

[측정 결과]
  시도한 명령 수     14,999,966
  접수 성공          14,999,966
  채널 포화          0
  미등록 심볼        0
  엔진 중지          0
  거부 합계          0
  접수 성공률        100.00%
  발행 결과          14,999,966
  주문 접수 결과     4,999,988
  주문 취소 결과     4,999,989
  주문 정정 결과     4,999,989
  체결 수            0
  메이커 갱신 수     0
  완료 여부          예
  접수 소요 시간     30.000s
  전체 소요 시간     30.000s
  실제 시도 수/s     499,998.79
  초당 접수 성공 수  499,998.79
  초당 발행 결과 수  499,998.78
  pacing 지연 횟수   14,657,387
  pacing 지연 합계   556.398s

================================
런타임 부하 테스트 결과
================================

[실행 조건]
  시나리오           수량 감소 정정 (amend-decrease-qty)
  심볼 수            1
  스윕 깊이          10
  발행 지연          0ms
  제한 시간          30s
  실행 모드          paced
  목표 명령 수/s     700,000
  warm-up 시간       10.000s
  측정 시간          30.000s

[warm-up 결과]
  시도한 명령 수     6,997,885
  접수 성공          6,997,389
  채널 포화          496
  미등록 심볼        0
  엔진 중지          0
  거부 합계          496
  접수 성공률        99.99%
  발행 결과          6,997,389
  주문 접수 결과     2,332,463
  주문 취소 결과     2,332,463
  주문 정정 결과     2,332,463
  체결 수            0
  메이커 갱신 수     0
  완료 여부          예
  접수 소요 시간     10.000s
  전체 소요 시간     10.000s
  실제 시도 수/s     699,785.26
  초당 접수 성공 수  699,735.66
  초당 발행 결과 수  699,735.65
  pacing 지연 횟수   6,890,974
  pacing 지연 합계   252.810s

[측정 결과]
  시도한 명령 수     20,993,681
  접수 성공          20,989,007
  채널 포화          4,674
  미등록 심볼        0
  엔진 중지          0
  거부 합계          4,674
  접수 성공률        99.98%
  발행 결과          20,989,007
  주문 접수 결과     6,996,342
  주문 취소 결과     6,996,331
  주문 정정 결과     6,996,334
  체결 수            0
  메이커 갱신 수     0
  완료 여부          예
  접수 소요 시간     30.000s
  전체 소요 시간     30.000s
  실제 시도 수/s     699,788.51
  초당 접수 성공 수  699,632.71
  초당 발행 결과 수  699,632.71
  pacing 지연 횟수   20,681,991
  pacing 지연 합계   792.070s

================================
런타임 부하 테스트 결과
================================

[실행 조건]
  시나리오           수량 감소 정정 (amend-decrease-qty)
  심볼 수            1
  스윕 깊이          10
  발행 지연          0ms
  제한 시간          30s
  실행 모드          paced
  목표 명령 수/s     700,000
  warm-up 시간       10.000s
  측정 시간          30.000s

[warm-up 결과]
  시도한 명령 수     6,997,886
  접수 성공          6,997,348
  채널 포화          538
  미등록 심볼        0
  엔진 중지          0
  거부 합계          538
  접수 성공률        99.99%
  발행 결과          6,997,348
  주문 접수 결과     2,332,455
  주문 취소 결과     2,332,443
  주문 정정 결과     2,332,450
  체결 수            0
  메이커 갱신 수     0
  완료 여부          예
  접수 소요 시간     10.000s
  전체 소요 시간     10.000s
  실제 시도 수/s     699,785.45
  초당 접수 성공 수  699,731.65
  초당 발행 결과 수  699,731.65
  pacing 지연 횟수   6,892,844
  pacing 지연 합계   259.124s

[측정 결과]
  시도한 명령 수     20,993,664
  접수 성공          20,993,002
  채널 포화          662
  미등록 심볼        0
  엔진 중지          0
  거부 합계          662
  접수 성공률        100.00%
  발행 결과          20,993,002
  주문 접수 결과     6,997,668
  주문 취소 결과     6,997,667
  주문 정정 결과     6,997,667
  체결 수            0
  메이커 갱신 수     0
  완료 여부          예
  접수 소요 시간     30.000s
  전체 소요 시간     30.000s
  실제 시도 수/s     699,788.54
  초당 접수 성공 수  699,766.47
  초당 발행 결과 수  699,766.47
  pacing 지연 횟수   20,683,732
  pacing 지연 합계   783.142s

================================
런타임 부하 테스트 결과
================================

[실행 조건]
  시나리오           수량 감소 정정 (amend-decrease-qty)
  심볼 수            1
  스윕 깊이          10
  발행 지연          0ms
  제한 시간          30s
  실행 모드          paced
  목표 명령 수/s     700,000
  warm-up 시간       10.000s
  측정 시간          30.000s

[warm-up 결과]
  시도한 명령 수     6,997,900
  접수 성공          6,997,900
  채널 포화          0
  미등록 심볼        0
  엔진 중지          0
  거부 합계          0
  접수 성공률        100.00%
  발행 결과          6,997,900
  주문 접수 결과     2,332,634
  주문 취소 결과     2,332,633
  주문 정정 결과     2,332,633
  체결 수            0
  메이커 갱신 수     0
  완료 여부          예
  접수 소요 시간     10.000s
  전체 소요 시간     10.001s
  실제 시도 수/s     699,789.99
  초당 접수 성공 수  699,789.99
  초당 발행 결과 수  699,713.86
  pacing 지연 횟수   6,894,632
  pacing 지연 합계   263.159s

[측정 결과]
  시도한 명령 수     20,993,687
  접수 성공          20,991,202
  채널 포화          2,485
  미등록 심볼        0
  엔진 중지          0
  거부 합계          2,485
  접수 성공률        99.99%
  발행 결과          20,991,202
  주문 접수 결과     6,997,069
  주문 취소 결과     6,997,066
  주문 정정 결과     6,997,067
  체결 수            0
  메이커 갱신 수     0
  완료 여부          예
  접수 소요 시간     30.000s
  전체 소요 시간     30.000s
  실제 시도 수/s     699,788.34
  초당 접수 성공 수  699,705.50
  초당 발행 결과 수  699,705.50
  pacing 지연 횟수   20,682,937
  pacing 지연 합계   792.542s

================================
런타임 부하 테스트 결과
================================

[실행 조건]
  시나리오           수량 감소 정정 (amend-decrease-qty)
  심볼 수            1
  스윕 깊이          10
  발행 지연          0ms
  제한 시간          30s
  실행 모드          paced
  목표 명령 수/s     750,000
  warm-up 시간       10.000s
  측정 시간          30.000s

[warm-up 결과]
  시도한 명령 수     7,501,847
  접수 성공          7,498,929
  채널 포화          2,918
  미등록 심볼        0
  엔진 중지          0
  거부 합계          2,918
  접수 성공률        99.96%
  발행 결과          7,498,929
  주문 접수 결과     2,499,646
  주문 취소 결과     2,499,641
  주문 정정 결과     2,499,642
  체결 수            0
  메이커 갱신 수     0
  완료 여부          예
  접수 소요 시간     10.000s
  전체 소요 시간     10.000s
  실제 시도 수/s     750,182.07
  초당 접수 성공 수  749,890.27
  초당 발행 결과 수  749,890.26
  pacing 지연 횟수   7,400,388
  pacing 지연 합계   279.602s

[측정 결과]
  시도한 명령 수     22,505,604
  접수 성공          22,499,784
  채널 포화          5,820
  미등록 심볼        0
  엔진 중지          0
  거부 합계          5,820
  접수 성공률        99.97%
  발행 결과          22,499,784
  주문 접수 결과     7,499,955
  주문 취소 결과     7,499,912
  주문 정정 결과     7,499,917
  체결 수            0
  메이커 갱신 수     0
  완료 여부          예
  접수 소요 시간     30.000s
  전체 소요 시간     30.001s
  실제 시도 수/s     750,185.90
  초당 접수 성공 수  749,991.90
  초당 발행 결과 수  749,963.54
  pacing 지연 횟수   22,199,959
  pacing 지연 합계   863.101s

================================
런타임 부하 테스트 결과
================================

[실행 조건]
  시나리오           수량 감소 정정 (amend-decrease-qty)
  심볼 수            1
  스윕 깊이          10
  발행 지연          0ms
  제한 시간          30s
  실행 모드          paced
  목표 명령 수/s     800,000
  warm-up 시간       10.000s
  측정 시간          30.000s

[warm-up 결과]
  시도한 명령 수     7,999,987
  접수 성공          7,999,595
  채널 포화          392
  미등록 심볼        0
  엔진 중지          0
  거부 합계          392
  접수 성공률        100.00%
  발행 결과          7,999,595
  주문 접수 결과     2,666,532
  주문 취소 결과     2,666,532
  주문 정정 결과     2,666,531
  체결 수            0
  메이커 갱신 수     0
  완료 여부          예
  접수 소요 시간     10.000s
  전체 소요 시간     10.000s
  실제 시도 수/s     799,994.76
  초당 접수 성공 수  799,955.56
  초당 발행 결과 수  799,955.54
  pacing 지연 횟수   7,888,760
  pacing 지연 합계   286.339s

[측정 결과]
  시도한 명령 수     23,999,999
  접수 성공          23,997,367
  채널 포화          2,632
  미등록 심볼        0
  엔진 중지          0
  거부 합계          2,632
  접수 성공률        99.99%
  발행 결과          23,997,367
  주문 접수 결과     7,999,124
  주문 취소 결과     7,999,124
  주문 정정 결과     7,999,119
  체결 수            0
  메이커 갱신 수     0
  완료 여부          예
  접수 소요 시간     30.000s
  전체 소요 시간     30.001s
  실제 시도 수/s     799,999.96
  초당 접수 성공 수  799,912.23
  초당 발행 결과 수  799,883.14
  pacing 지연 횟수   23,704,207
  pacing 지연 합계   909.369s

================================
런타임 부하 테스트 결과
================================

[실행 조건]
  시나리오           수량 감소 정정 (amend-decrease-qty)
  심볼 수            1
  스윕 깊이          10
  발행 지연          0ms
  제한 시간          30s
  실행 모드          paced
  목표 명령 수/s     900,000
  warm-up 시간       10.000s
  측정 시간          30.000s

[warm-up 결과]
  시도한 명령 수     9,000,851
  접수 성공          8,995,170
  채널 포화          5,681
  미등록 심볼        0
  엔진 중지          0
  거부 합계          5,681
  접수 성공률        99.94%
  발행 결과          8,995,170
  주문 접수 결과     2,998,391
  주문 취소 결과     2,998,391
  주문 정정 결과     2,998,388
  체결 수            0
  메이커 갱신 수     0
  완료 여부          예
  접수 소요 시간     10.000s
  전체 소요 시간     10.001s
  실제 시도 수/s     900,079.64
  초당 접수 성공 수  899,511.54
  초당 발행 결과 수  899,413.54
  pacing 지연 횟수   8,906,350
  pacing 지연 합계   342.167s

[측정 결과]
  시도한 명령 수     27,002,689
  접수 성공          18,924,962
  채널 포화          8,077,727
  미등록 심볼        0
  엔진 중지          0
  거부 합계          8,077,727
  접수 성공률        70.09%
  발행 결과          18,924,962
  주문 접수 결과     6,327,073
  주문 취소 결과     6,298,391
  주문 정정 결과     6,299,498
  체결 수            0
  메이커 갱신 수     0
  완료 여부          예
  접수 소요 시간     30.000s
  전체 소요 시간     30.025s
  실제 시도 수/s     900,089.63
  초당 접수 성공 수  630,832.07
  초당 발행 결과 수  630,314.50
  pacing 지연 횟수   26,706,582
  pacing 지연 합계   1079.855s

================================
런타임 부하 테스트 결과
================================

[실행 조건]
  시나리오           수량 감소 정정 (amend-decrease-qty)
  심볼 수            1
  스윕 깊이          10
  발행 지연          0ms
  제한 시간          30s
  실행 모드          paced
  목표 명령 수/s     850,000
  warm-up 시간       10.000s
  측정 시간          30.000s

[warm-up 결과]
  시도한 명령 수     8,503,361
  접수 성공          8,498,589
  채널 포화          4,772
  미등록 심볼        0
  엔진 중지          0
  거부 합계          4,772
  접수 성공률        99.94%
  발행 결과          8,498,589
  주문 접수 결과     2,832,864
  주문 취소 결과     2,832,862
  주문 정정 결과     2,832,863
  체결 수            0
  메이커 갱신 수     0
  완료 여부          예
  접수 소요 시간     10.000s
  전체 소요 시간     10.000s
  실제 시도 수/s     850,334.58
  초당 접수 성공 수  849,857.38
  초당 발행 결과 수  849,857.37
  pacing 지연 횟수   8,391,517
  pacing 지연 합계   318.098s

[측정 결과]
  시도한 명령 수     25,510,181
  접수 성공          25,507,673
  채널 포화          2,508
  미등록 심볼        0
  엔진 중지          0
  거부 합계          2,508
  접수 성공률        99.99%
  발행 결과          25,507,673
  주문 접수 결과     8,502,570
  주문 취소 결과     8,502,542
  주문 정정 결과     8,502,561
  체결 수            0
  메이커 갱신 수     0
  완료 여부          예
  접수 소요 시간     30.000s
  전체 소요 시간     30.000s
  실제 시도 수/s     850,338.33
  초당 접수 성공 수  850,254.73
  초당 발행 결과 수  850,254.73
  pacing 지연 횟수   25,217,416
  pacing 지연 합계   953.449s
