================================
런타임 부하 테스트 결과
================================

[실행 조건]
  시나리오           수량 감소 정정 (amend-decrease-qty)
  심볼 수            1
  스윕 깊이          10
  발행 지연          0ms
  제한 시간          30s
  실행 모드          paced
  목표 명령 수/s     250,000
  warm-up 시간       10.000s
  측정 시간          30.000s

[warm-up 결과]
  시도한 명령 수     2,499,858
  접수 성공          2,496,136
  채널 포화          3,722
  미등록 심볼        0
  엔진 중지          0
  거부 합계          3,722
  접수 성공률        99.85%
  발행 결과          2,496,136
  주문 접수 결과     832,045
  주문 취소 결과     832,047
  주문 정정 결과     832,044
  체결 수            0
  메이커 갱신 수     0
  완료 여부          예
  접수 소요 시간     10.000s
  전체 소요 시간     10.000s
  실제 시도 수/s     249,981.87
  초당 접수 성공 수  249,609.67
  초당 발행 결과 수  249,609.66
  pacing 지연 횟수   2,489,963
  pacing 지연 합계   1125.641s
  지연 표본 수       2,496,136
  지연 min           0µs
  지연 mean          117µs
  지연 p50           106µs
  지연 p95           206µs
  지연 p99           396µs
  지연 max           5.403ms

[측정 결과]
  시도한 명령 수     7,499,859
  접수 성공          7,496,293
  채널 포화          3,566
  미등록 심볼        0
  엔진 중지          0
  거부 합계          3,566
  접수 성공률        99.95%
  발행 결과          7,496,293
  주문 접수 결과     2,498,785
  주문 취소 결과     2,498,748
  주문 정정 결과     2,498,760
  체결 수            0
  메이커 갱신 수     0
  완료 여부          예
  접수 소요 시간     30.000s
  전체 소요 시간     30.000s
  실제 시도 수/s     249,993.60
  초당 접수 성공 수  249,874.73
  초당 발행 결과 수  249,874.73
  pacing 지연 횟수   7,470,106
  pacing 지연 합계   3345.430s
  지연 표본 수       7,496,293
  지연 min           0µs
  지연 mean          117µs
  지연 p50           109µs
  지연 p95           210µs
  지연 p99           387µs
  지연 max           24.677ms

================================
런타임 부하 테스트 결과
================================

[실행 조건]
  시나리오           수량 감소 정정 (amend-decrease-qty)
  심볼 수            1
  스윕 깊이          10
  발행 지연          0ms
  제한 시간          30s
  실행 모드          paced
  목표 명령 수/s     150,000
  warm-up 시간       10.000s
  측정 시간          30.000s

[warm-up 결과]
  시도한 명령 수     1,499,910
  접수 성공          1,499,202
  채널 포화          708
  미등록 심볼        0
  엔진 중지          0
  거부 합계          708
  접수 성공률        99.95%
  발행 결과          1,499,202
  주문 접수 결과     499,731
  주문 취소 결과     499,736
  주문 정정 결과     499,735
  체결 수            0
  메이커 갱신 수     0
  완료 여부          예
  접수 소요 시간     10.000s
  전체 소요 시간     10.002s
  실제 시도 수/s     149,991.00
  초당 접수 성공 수  149,920.20
  초당 발행 결과 수  149,887.70
  pacing 지연 횟수   1,489,974
  pacing 지연 합계   710.748s
  지연 표본 수       1,499,202
  지연 min           0µs
  지연 mean          106µs
  지연 p50           97µs
  지연 p95           169µs
  지연 p99           379µs
  지연 max           6.293ms

[측정 결과]
  시도한 명령 수     4,499,658
  접수 성공          4,499,160
  채널 포화          498
  미등록 심볼        0
  엔진 중지          0
  거부 합계          498
  접수 성공률        99.99%
  발행 결과          4,499,160
  주문 접수 결과     1,499,723
  주문 취소 결과     1,499,718
  주문 정정 결과     1,499,719
  체결 수            0
  메이커 갱신 수     0
  완료 여부          예
  접수 소요 시간     30.000s
  전체 소요 시간     30.000s
  실제 시도 수/s     149,988.11
  초당 접수 성공 수  149,971.51
  초당 발행 결과 수  149,971.51
  pacing 지연 횟수   4,469,790
  pacing 지연 합계   2072.050s
  지연 표본 수       4,499,160
  지연 min           0µs
  지연 mean          103µs
  지연 p50           100µs
  지연 p95           167µs
  지연 p99           328µs
  지연 max           4.692ms

================================
런타임 부하 테스트 결과
================================

[실행 조건]
  시나리오           수량 감소 정정 (amend-decrease-qty)
  심볼 수            1
  스윕 깊이          10
  발행 지연          0ms
  제한 시간          30s
  실행 모드          paced
  목표 명령 수/s     140,000
  warm-up 시간       10.000s
  측정 시간          30.000s

[warm-up 결과]
  시도한 명령 수     1,399,905
  접수 성공          1,399,905
  채널 포화          0
  미등록 심볼        0
  엔진 중지          0
  거부 합계          0
  접수 성공률        100.00%
  발행 결과          1,399,905
  주문 접수 결과     466,635
  주문 취소 결과     466,635
  주문 정정 결과     466,635
  체결 수            0
  메이커 갱신 수     0
  완료 여부          예
  접수 소요 시간     10.000s
  전체 소요 시간     10.000s
  실제 시도 수/s     139,989.40
  초당 접수 성공 수  139,989.40
  초당 발행 결과 수  139,989.39
  pacing 지연 횟수   1,389,943
  pacing 지연 합계   657.497s
  지연 표본 수       1,399,905
  지연 min           0µs
  지연 mean          97µs
  지연 p50           89µs
  지연 p95           174µs
  지연 p99           348µs
  지연 max           7.293ms

[측정 결과]
  시도한 명령 수     4,199,904
  접수 성공          4,199,291
  채널 포화          613
  미등록 심볼        0
  엔진 중지          0
  거부 합계          613
  접수 성공률        99.99%
  발행 결과          4,199,291
  주문 접수 결과     1,399,763
  주문 취소 결과     1,399,764
  주문 정정 결과     1,399,764
  체결 수            0
  메이커 갱신 수     0
  완료 여부          예
  접수 소요 시간     30.001s
  전체 소요 시간     30.001s
  실제 시도 수/s     139,993.10
  초당 접수 성공 수  139,972.67
  초당 발행 결과 수  139,972.66
  pacing 지연 횟수   4,170,054
  pacing 지연 합계   1953.846s
  지연 표본 수       4,199,291
  지연 min           0µs
  지연 mean          101µs
  지연 p50           97µs
  지연 p95           161µs
  지연 p99           327µs
  지연 max           7.070ms

================================
런타임 부하 테스트 결과
================================

[실행 조건]
  시나리오           수량 감소 정정 (amend-decrease-qty)
  심볼 수            1
  스윕 깊이          10
  발행 지연          0ms
  제한 시간          30s
  실행 모드          paced
  목표 명령 수/s     130,000
  warm-up 시간       10.000s
  측정 시간          30.000s

[warm-up 결과]
  시도한 명령 수     1,299,996
  접수 성공          1,299,996
  채널 포화          0
  미등록 심볼        0
  엔진 중지          0
  거부 합계          0
  접수 성공률        100.00%
  발행 결과          1,299,996
  주문 접수 결과     433,332
  주문 취소 결과     433,332
  주문 정정 결과     433,332
  체결 수            0
  메이커 갱신 수     0
  완료 여부          예
  접수 소요 시간     10.000s
  전체 소요 시간     10.000s
  실제 시도 수/s     129,993.63
  초당 접수 성공 수  129,993.63
  초당 발행 결과 수  129,993.63
  pacing 지연 횟수   1,290,043
  pacing 지연 합계   605.635s
  지연 표본 수       1,299,996
  지연 min           0µs
  지연 mean          95µs
  지연 p50           88µs
  지연 p95           168µs
  지연 p99           314µs
  지연 max           3.530ms

[측정 결과]
  시도한 명령 수     3,900,106
  접수 성공          3,900,106
  채널 포화          0
  미등록 심볼        0
  엔진 중지          0
  거부 합계          0
  접수 성공률        100.00%
  발행 결과          3,900,106
  주문 접수 결과     1,300,036
  주문 취소 결과     1,300,035
  주문 정정 결과     1,300,035
  체결 수            0
  메이커 갱신 수     0
  완료 여부          예
  접수 소요 시간     30.000s
  전체 소요 시간     30.000s
  실제 시도 수/s     130,001.51
  초당 접수 성공 수  130,001.51
  초당 발행 결과 수  130,001.51
  pacing 지연 횟수   3,870,242
  pacing 지연 합계   1818.356s
  지연 표본 수       3,900,106
  지연 min           0µs
  지연 mean          98µs
  지연 p50           93µs
  지연 p95           154µs
  지연 p99           301µs
  지연 max           7.019ms
