# runtime_stress 2026-06-09 full-fill-same-level

================================
런타임 부하 테스트 결과
================================

[실행 조건]
  시나리오           동일 호가 전량 체결 (full-fill-same-level)
  심볼 수            1
  스윕 깊이          10
  발행 지연          0ms
  제한 시간          30s
  실행 모드          paced
  목표 명령 수/s     150,000
  warm-up 시간       10.000s
  측정 시간          30.000s

[warm-up 결과]
  시도한 명령 수     1,499,924
  접수 성공          1,499,924
  채널 포화          0
  미등록 심볼        0
  엔진 중지          0
  거부 합계          0
  접수 성공률        100.00%
  발행 결과          1,499,924
  주문 접수 결과     1,499,924
  주문 취소 결과     0
  주문 정정 결과     0
  체결 수            1,363,560
  메이커 갱신 수     1,363,560
  완료 여부          예
  접수 소요 시간     10.000s
  전체 소요 시간     10.000s
  실제 시도 수/s     149,991.45
  초당 접수 성공 수  149,991.45
  초당 발행 결과 수  149,991.45
  pacing 지연 횟수   1,370,773
  pacing 지연 합계   47.391s

[측정 결과]
  시도한 명령 수     4,499,766
  접수 성공          4,499,766
  채널 포화          0
  미등록 심볼        0
  엔진 중지          0
  거부 합계          0
  접수 성공률        100.00%
  발행 결과          4,499,766
  주문 접수 결과     4,499,766
  주문 취소 결과     0
  주문 정정 결과     0
  체결 수            4,090,700
  메이커 갱신 수     4,090,700
  완료 여부          예
  접수 소요 시간     30.000s
  전체 소요 시간     30.000s
  실제 시도 수/s     149,992.17
  초당 접수 성공 수  149,992.17
  초당 발행 결과 수  149,992.17
  pacing 지연 횟수   4,134,119
  pacing 지연 합계   148.199s





================================
런타임 부하 테스트 결과
================================

[실행 조건]
  시나리오           동일 호가 전량 체결 (full-fill-same-level)
  심볼 수            1
  스윕 깊이          10
  발행 지연          0ms
  제한 시간          30s
  실행 모드          paced
  목표 명령 수/s     200,000
  warm-up 시간       10.000s
  측정 시간          30.000s

[warm-up 결과]
  시도한 명령 수     1,999,997
  접수 성공          1,999,997
  채널 포화          0
  미등록 심볼        0
  엔진 중지          0
  거부 합계          0
  접수 성공률        100.00%
  발행 결과          1,999,997
  주문 접수 결과     1,999,997
  주문 취소 결과     0
  주문 정정 결과     0
  체결 수            1,818,170
  메이커 갱신 수     1,818,170
  완료 여부          예
  접수 소요 시간     10.000s
  전체 소요 시간     10.000s
  실제 시도 수/s     199,998.96
  초당 접수 성공 수  199,998.96
  초당 발행 결과 수  199,998.96
  pacing 지연 횟수   1,873,416
  pacing 지연 합계   65.915s

[측정 결과]
  시도한 명령 수     5,999,989
  접수 성공          5,999,989
  채널 포화          0
  미등록 심볼        0
  엔진 중지          0
  거부 합계          0
  접수 성공률        100.00%
  발행 결과          5,999,989
  주문 접수 결과     5,999,989
  주문 취소 결과     0
  주문 정정 결과     0
  체결 수            5,454,540
  메이커 갱신 수     5,454,540
  완료 여부          예
  접수 소요 시간     30.000s
  전체 소요 시간     30.000s
  실제 시도 수/s     199,999.55
  초당 접수 성공 수  199,999.55
  초당 발행 결과 수  199,999.55
  pacing 지연 횟수   5,627,786
  pacing 지연 합계   199.827s

================================
런타임 부하 테스트 결과
================================

[실행 조건]
  시나리오           동일 호가 전량 체결 (full-fill-same-level)
  심볼 수            1
  스윕 깊이          10
  발행 지연          0ms
  제한 시간          30s
  실행 모드          paced
  목표 명령 수/s     300,000
  warm-up 시간       10.000s
  측정 시간          30.000s

[warm-up 결과]
  시도한 명령 수     3,000,282
  접수 성공          3,000,282
  채널 포화          0
  미등록 심볼        0
  엔진 중지          0
  거부 합계          0
  접수 성공률        100.00%
  발행 결과          3,000,282
  주문 접수 결과     3,000,282
  주문 취소 결과     0
  주문 정정 결과     0
  체결 수            2,727,520
  메이커 갱신 수     2,727,520
  완료 여부          예
  접수 소요 시간     10.000s
  전체 소요 시간     10.001s
  실제 시도 수/s     300,028.01
  초당 접수 성공 수  300,028.01
  초당 발행 결과 수  299,995.60
  pacing 지연 횟수   2,881,789
  pacing 지연 합계   109.131s

[측정 결과]
  시도한 명령 수     9,000,894
  접수 성공          8,999,983
  채널 포화          911
  미등록 심볼        0
  엔진 중지          0
  거부 합계          911
  접수 성공률        99.99%
  발행 결과          8,999,983
  주문 접수 결과     8,999,983
  주문 취소 결과     0
  주문 정정 결과     0
  체결 수            8,181,811
  메이커 갱신 수     8,181,811
  완료 여부          예
  접수 소요 시간     30.000s
  전체 소요 시간     30.000s
  실제 시도 수/s     300,029.33
  초당 접수 성공 수  299,998.96
  초당 발행 결과 수  299,998.96
  pacing 지연 횟수   8,646,958
  pacing 지연 합계   323.251s


================================
런타임 부하 테스트 결과
================================

[실행 조건]
  시나리오           동일 호가 전량 체결 (full-fill-same-level)
  심볼 수            1
  스윕 깊이          10
  발행 지연          0ms
  제한 시간          30s
  실행 모드          paced
  목표 명령 수/s     300,000
  warm-up 시간       10.000s
  측정 시간          30.000s

[warm-up 결과]
  시도한 명령 수     3,000,289
  접수 성공          3,000,289
  채널 포화          0
  미등록 심볼        0
  엔진 중지          0
  거부 합계          0
  접수 성공률        100.00%
  발행 결과          3,000,289
  주문 접수 결과     3,000,289
  주문 취소 결과     0
  주문 정정 결과     0
  체결 수            2,727,530
  메이커 갱신 수     2,727,530
  완료 여부          예
  접수 소요 시간     10.000s
  전체 소요 시간     10.000s
  실제 시도 수/s     300,028.10
  초당 접수 성공 수  300,028.10
  초당 발행 결과 수  300,028.09
  pacing 지연 횟수   2,873,682
  pacing 지연 합계   101.431s

[측정 결과]
  시도한 명령 수     9,000,895
  접수 성공          9,000,895
  채널 포화          0
  미등록 심볼        0
  엔진 중지          0
  거부 합계          0
  접수 성공률        100.00%
  발행 결과          9,000,895
  주문 접수 결과     9,000,895
  주문 취소 결과     0
  주문 정정 결과     0
  체결 수            8,182,630
  메이커 갱신 수     8,182,630
  완료 여부          예
  접수 소요 시간     30.000s
  전체 소요 시간     30.000s
  실제 시도 수/s     300,029.36
  초당 접수 성공 수  300,029.36
  초당 발행 결과 수  300,029.35
  pacing 지연 횟수   8,644,839
  pacing 지연 합계   315.033s

================================
런타임 부하 테스트 결과
================================

[실행 조건]
  시나리오           동일 호가 전량 체결 (full-fill-same-level)
  심볼 수            1
  스윕 깊이          10
  발행 지연          0ms
  제한 시간          30s
  실행 모드          paced
  목표 명령 수/s     300,000
  warm-up 시간       10.000s
  측정 시간          30.000s

[warm-up 결과]
  시도한 명령 수     3,000,291
  접수 성공          3,000,291
  채널 포화          0
  미등록 심볼        0
  엔진 중지          0
  거부 합계          0
  접수 성공률        100.00%
  발행 결과          3,000,291
  주문 접수 결과     3,000,291
  주문 취소 결과     0
  주문 정정 결과     0
  체결 수            2,727,530
  메이커 갱신 수     2,727,530
  완료 여부          예
  접수 소요 시간     10.000s
  전체 소요 시간     10.000s
  실제 시도 수/s     300,028.11
  초당 접수 성공 수  300,028.11
  초당 발행 결과 수  300,028.10
  pacing 지연 횟수   2,881,551
  pacing 지연 합계   105.227s

[측정 결과]
  시도한 명령 수     9,000,894
  접수 성공          9,000,894
  채널 포화          0
  미등록 심볼        0
  엔진 중지          0
  거부 합계          0
  접수 성공률        100.00%
  발행 결과          9,000,894
  주문 접수 결과     9,000,894
  주문 취소 결과     0
  주문 정정 결과     0
  체결 수            8,182,630
  메이커 갱신 수     8,182,630
  완료 여부          예
  접수 소요 시간     30.000s
  전체 소요 시간     30.000s
  실제 시도 수/s     300,029.30
  초당 접수 성공 수  300,029.30
  초당 발행 결과 수  300,029.30
  pacing 지연 횟수   8,646,691
  pacing 지연 합계   319.276s

================================
런타임 부하 테스트 결과
================================

[실행 조건]
  시나리오           동일 호가 전량 체결 (full-fill-same-level)
  심볼 수            1
  스윕 깊이          10
  발행 지연          0ms
  제한 시간          30s
  실행 모드          paced
  목표 명령 수/s     350,000
  warm-up 시간       10.000s
  측정 시간          30.000s

[warm-up 결과]
  시도한 명령 수     3,500,164
  접수 성공          3,500,164
  채널 포화          0
  미등록 심볼        0
  엔진 중지          0
  거부 합계          0
  접수 성공률        100.00%
  발행 결과          3,500,164
  주문 접수 결과     3,500,164
  주문 취소 결과     0
  주문 정정 결과     0
  체결 수            3,181,960
  메이커 갱신 수     3,181,960
  완료 여부          예
  접수 소요 시간     10.000s
  전체 소요 시간     10.001s
  실제 시도 수/s     350,015.33
  초당 접수 성공 수  350,015.33
  초당 발행 결과 수  349,977.45
  pacing 지연 횟수   3,381,781
  pacing 지연 합계   128.415s

[측정 결과]
  시도한 명령 수     10,500,503
  접수 성공          10,499,951
  채널 포화          552
  미등록 심볼        0
  엔진 중지          0
  거부 합계          552
  접수 성공률        99.99%
  발행 결과          10,499,951
  주문 접수 결과     10,499,951
  주문 취소 결과     0
  주문 정정 결과     0
  체결 수            9,545,408
  메이커 갱신 수     9,545,408
  완료 여부          예
  접수 소요 시간     30.000s
  전체 소요 시간     30.001s
  실제 시도 수/s     350,016.74
  초당 접수 성공 수  349,998.34
  초당 발행 결과 수  349,985.71
  pacing 지연 횟수   10,158,306
  pacing 지연 합계   397.526s


================================
런타임 부하 테스트 결과
================================

[실행 조건]
  시나리오           동일 호가 전량 체결 (full-fill-same-level)
  심볼 수            1
  스윕 깊이          10
  발행 지연          0ms
  제한 시간          30s
  실행 모드          paced
  목표 명령 수/s     350,000
  warm-up 시간       10.000s
  측정 시간          30.000s

[warm-up 결과]
  시도한 명령 수     3,500,174
  접수 성공          3,498,719
  채널 포화          1,455
  미등록 심볼        0
  엔진 중지          0
  거부 합계          1,455
  접수 성공률        99.96%
  발행 결과          3,498,719
  주문 접수 결과     3,498,719
  주문 취소 결과     0
  주문 정정 결과     0
  체결 수            3,180,624
  메이커 갱신 수     3,180,624
  완료 여부          예
  접수 소요 시간     10.000s
  전체 소요 시간     10.000s
  실제 시도 수/s     350,015.23
  초당 접수 성공 수  349,869.73
  초당 발행 결과 수  349,869.72
  pacing 지연 횟수   3,387,103
  pacing 지연 합계   133.150s

[측정 결과]
  시도한 명령 수     10,500,519
  접수 성공          10,499,794
  채널 포화          725
  미등록 심볼        0
  엔진 중지          0
  거부 합계          725
  접수 성공률        99.99%
  발행 결과          10,499,794
  주문 접수 결과     10,499,794
  주문 취소 결과     0
  주문 정정 결과     0
  체결 수            9,545,280
  메이커 갱신 수     9,545,280
  완료 여부          예
  접수 소요 시간     30.000s
  전체 소요 시간     30.001s
  실제 시도 수/s     350,016.69
  초당 접수 성공 수  349,992.53
  초당 발행 결과 수  349,979.79
  pacing 지연 횟수   10,160,489
  pacing 지연 합계   395.563s


================================
런타임 부하 테스트 결과
================================

[실행 조건]
  시나리오           동일 호가 전량 체결 (full-fill-same-level)
  심볼 수            1
  스윕 깊이          10
  발행 지연          0ms
  제한 시간          30s
  실행 모드          paced
  목표 명령 수/s     350,000
  warm-up 시간       10.000s
  측정 시간          30.000s

[warm-up 결과]
  시도한 명령 수     3,500,161
  접수 성공          3,500,161
  채널 포화          0
  미등록 심볼        0
  엔진 중지          0
  거부 합계          0
  접수 성공률        100.00%
  발행 결과          3,500,161
  주문 접수 결과     3,500,161
  주문 취소 결과     0
  주문 정정 결과     0
  체결 수            3,181,960
  메이커 갱신 수     3,181,960
  완료 여부          예
  접수 소요 시간     10.000s
  전체 소요 시간     10.001s
  실제 시도 수/s     350,014.88
  초당 접수 성공 수  350,014.88
  초당 발행 결과 수  349,977.06
  pacing 지연 횟수   3,387,489
  pacing 지연 합계   134.821s

[측정 결과]
  시도한 명령 수     10,500,497
  접수 성공          10,500,497
  채널 포화          0
  미등록 심볼        0
  엔진 중지          0
  거부 합계          0
  접수 성공률        100.00%
  발행 결과          10,500,497
  주문 접수 결과     10,500,497
  주문 취소 결과     0
  주문 정정 결과     0
  체결 수            9,545,910
  메이커 갱신 수     9,545,910
  완료 여부          예
  접수 소요 시간     30.000s
  전체 소요 시간     30.001s
  실제 시도 수/s     350,016.52
  초당 접수 성공 수  350,016.52
  초당 발행 결과 수  350,003.29
  pacing 지연 횟수   10,160,865
  pacing 지연 합계   393.369s

================================
런타임 부하 테스트 결과
================================

[실행 조건]
  시나리오           동일 호가 전량 체결 (full-fill-same-level)
  심볼 수            1
  스윕 깊이          10
  발행 지연          0ms
  제한 시간          30s
  실행 모드          paced
  목표 명령 수/s     400,000
  warm-up 시간       10.000s
  측정 시간          30.000s

[warm-up 결과]
  시도한 명령 수     3,999,989
  접수 성공          3,999,989
  채널 포화          0
  미등록 심볼        0
  엔진 중지          0
  거부 합계          0
  접수 성공률        100.00%
  발행 결과          3,999,989
  주문 접수 결과     3,999,989
  주문 취소 결과     0
  주문 정정 결과     0
  체결 수            3,636,350
  메이커 갱신 수     3,636,350
  완료 여부          예
  접수 소요 시간     10.000s
  전체 소요 시간     10.001s
  실제 시도 수/s     399,997.06
  초당 접수 성공 수  399,997.06
  초당 발행 결과 수  399,953.69
  pacing 지연 횟수   3,883,177
  pacing 지연 합계   152.116s

[측정 결과]
  시도한 명령 수     11,999,975
  접수 성공          3,263,181
  채널 포화          8,736,794
  미등록 심볼        0
  엔진 중지          0
  거부 합계          8,736,794
  접수 성공률        27.19%
  발행 결과          3,263,181
  주문 접수 결과     3,263,181
  주문 취소 결과     0
  주문 정정 결과     0
  체결 수            2,959,230
  메이커 갱신 수     2,959,230
  완료 여부          예
  접수 소요 시간     30.000s
  전체 소요 시간     30.041s
  실제 시도 수/s     399,999.13
  초당 접수 성공 수  108,772.69
  초당 발행 결과 수  108,624.16
  pacing 지연 횟수   11,636,209
  pacing 지연 합계   420.161s

================================
런타임 부하 테스트 결과
================================

[실행 조건]
  시나리오           동일 호가 전량 체결 (full-fill-same-level)
  심볼 수            1
  스윕 깊이          10
  발행 지연          0ms
  제한 시간          30s
  실행 모드          paced
  목표 명령 수/s     380,000
  warm-up 시간       10.000s
  측정 시간          30.000s

[warm-up 결과]
  시도한 명령 수     3,799,391
  접수 성공          3,799,391
  채널 포화          0
  미등록 심볼        0
  엔진 중지          0
  거부 합계          0
  접수 성공률        100.00%
  발행 결과          3,799,391
  주문 접수 결과     3,799,391
  주문 취소 결과     0
  주문 정정 결과     0
  체결 수            3,453,990
  메이커 갱신 수     3,453,990
  완료 여부          예
  접수 소요 시간     10.000s
  전체 소요 시간     10.001s
  실제 시도 수/s     379,939.10
  초당 접수 성공 수  379,939.10
  초당 발행 결과 수  379,898.02
  pacing 지연 횟수   3,687,571
  pacing 지연 합계   143.235s

[측정 결과]
  시도한 명령 수     11,398,160
  접수 성공          11,396,132
  채널 포화          2,028
  미등록 심볼        0
  엔진 중지          0
  거부 합계          2,028
  접수 성공률        99.98%
  발행 결과          11,396,132
  주문 접수 결과     11,396,132
  주문 취소 결과     0
  주문 정정 결과     0
  체결 수            10,360,105
  메이커 갱신 수     10,360,105
  완료 여부          예
  접수 소요 시간     30.000s
  전체 소요 시간     30.000s
  실제 시도 수/s     379,938.36
  초당 접수 성공 수  379,870.76
  초당 발행 결과 수  379,870.76
  pacing 지연 횟수   11,060,665
  pacing 지연 합계   434.637s

================================
런타임 부하 테스트 결과
================================

[실행 조건]
  시나리오           동일 호가 전량 체결 (full-fill-same-level)
  심볼 수            1
  스윕 깊이          10
  발행 지연          0ms
  제한 시간          30s
  실행 모드          paced
  목표 명령 수/s     380,000
  warm-up 시간       10.000s
  측정 시간          30.000s

[warm-up 결과]
  시도한 명령 수     3,799,375
  접수 성공          3,798,423
  채널 포화          952
  미등록 심볼        0
  엔진 중지          0
  거부 합계          952
  접수 성공률        99.97%
  발행 결과          3,798,423
  주문 접수 결과     3,798,423
  주문 취소 결과     0
  주문 정정 결과     0
  체결 수            3,453,103
  메이커 갱신 수     3,453,103
  완료 여부          예
  접수 소요 시간     10.000s
  전체 소요 시간     10.001s
  실제 시도 수/s     379,937.50
  초당 접수 성공 수  379,842.30
  초당 발행 결과 수  379,800.79
  pacing 지연 횟수   3,687,633
  pacing 지연 합계   146.530s

[측정 결과]
  시도한 명령 수     11,398,155
  접수 성공          10,804,979
  채널 포화          593,176
  미등록 심볼        0
  엔진 중지          0
  거부 합계          593,176
  접수 성공률        94.80%
  발행 결과          10,804,979
  주문 접수 결과     10,804,979
  주문 취소 결과     0
  주문 정정 결과     0
  체결 수            9,819,747
  메이커 갱신 수     9,819,747
  완료 여부          예
  접수 소요 시간     30.000s
  전체 소요 시간     30.018s
  실제 시도 수/s     379,938.38
  초당 접수 성공 수  360,165.85
  초당 발행 결과 수  359,946.84
  pacing 지연 횟수   11,061,932
  pacing 지연 합계   448.267s
