# runtime_stress 2026-06-09 market-quote-sweep

================================
런타임 부하 테스트 결과
================================

[실행 조건]
  시나리오           시장가 금액 스윕 (market-quote-sweep)
  심볼 수            1
  스윕 깊이          10
  발행 지연          0ms
  제한 시간          30s
  실행 모드          paced
  목표 명령 수/s     200,000
  warm-up 시간       10.000s
  측정 시간          30.000s

[warm-up 결과]
  시도한 명령 수     1,999,989
  접수 성공          1,999,989
  채널 포화          0
  미등록 심볼        0
  엔진 중지          0
  거부 합계          0
  접수 성공률        100.00%
  발행 결과          1,999,989
  주문 접수 결과     1,999,989
  주문 취소 결과     0
  주문 정정 결과     0
  체결 수            1,818,170
  메이커 갱신 수     1,818,170
  완료 여부          예
  접수 소요 시간     10.000s
  전체 소요 시간     10.001s
  실제 시도 수/s     199,998.61
  초당 접수 성공 수  199,998.61
  초당 발행 결과 수  199,977.03
  pacing 지연 횟수   1,873,592
  pacing 지연 합계   66.107s

[측정 결과]
  시도한 명령 수     5,999,996
  접수 성공          5,999,996
  채널 포화          0
  미등록 심볼        0
  엔진 중지          0
  거부 합계          0
  접수 성공률        100.00%
  발행 결과          5,999,996
  주문 접수 결과     5,999,996
  주문 취소 결과     0
  주문 정정 결과     0
  체결 수            5,454,540
  메이커 갱신 수     5,454,540
  완료 여부          예
  접수 소요 시간     30.000s
  전체 소요 시간     30.000s
  실제 시도 수/s     199,999.52
  초당 접수 성공 수  199,999.52
  초당 발행 결과 수  199,999.52
  pacing 지연 횟수   5,631,107
  pacing 지연 합계   202.257s

  ================================
런타임 부하 테스트 결과
================================

[실행 조건]
  시나리오           시장가 금액 스윕 (market-quote-sweep)
  심볼 수            1
  스윕 깊이          10
  발행 지연          0ms
  제한 시간          30s
  실행 모드          paced
  목표 명령 수/s     250,000
  warm-up 시간       10.000s
  측정 시간          30.000s

[warm-up 결과]
  시도한 명령 수     2,499,983
  접수 성공          2,499,983
  채널 포화          0
  미등록 심볼        0
  엔진 중지          0
  거부 합계          0
  접수 성공률        100.00%
  발행 결과          2,499,983
  주문 접수 결과     2,499,983
  주문 취소 결과     0
  주문 정정 결과     0
  체결 수            2,272,710
  메이커 갱신 수     2,272,710
  완료 여부          예
  접수 소요 시간     10.000s
  전체 소요 시간     10.000s
  실제 시도 수/s     249,997.06
  초당 접수 성공 수  249,997.06
  초당 발행 결과 수  249,997.06
  pacing 지연 횟수   2,379,249
  pacing 지연 합계   86.796s

[측정 결과]
  시도한 명령 수     7,499,995
  접수 성공          7,499,995
  채널 포화          0
  미등록 심볼        0
  엔진 중지          0
  거부 합계          0
  접수 성공률        100.00%
  발행 결과          7,499,995
  주문 접수 결과     7,499,995
  주문 취소 결과     0
  주문 정정 결과     0
  체결 수            6,818,170
  메이커 갱신 수     6,818,170
  완료 여부          예
  접수 소요 시간     30.000s
  전체 소요 시간     30.000s
  실제 시도 수/s     249,999.39
  초당 접수 성공 수  249,999.39
  초당 발행 결과 수  249,999.39
  pacing 지연 횟수   7,131,668
  pacing 지연 합계   259.971s

  ================================
런타임 부하 테스트 결과
================================

[실행 조건]
  시나리오           시장가 금액 스윕 (market-quote-sweep)
  심볼 수            1
  스윕 깊이          10
  발행 지연          0ms
  제한 시간          30s
  실행 모드          paced
  목표 명령 수/s     300,000
  warm-up 시간       10.000s
  측정 시간          30.000s

[warm-up 결과]
  시도한 명령 수     3,000,289
  접수 성공          3,000,289
  채널 포화          0
  미등록 심볼        0
  엔진 중지          0
  거부 합계          0
  접수 성공률        100.00%
  발행 결과          3,000,289
  주문 접수 결과     3,000,289
  주문 취소 결과     0
  주문 정정 결과     0
  체결 수            2,727,530
  메이커 갱신 수     2,727,530
  완료 여부          예
  접수 소요 시간     10.000s
  전체 소요 시간     10.000s
  실제 시도 수/s     300,028.11
  초당 접수 성공 수  300,028.11
  초당 발행 결과 수  300,028.10
  pacing 지연 횟수   2,877,824
  pacing 지연 합계   103.648s

[측정 결과]
  시도한 명령 수     9,000,880
  접수 성공          9,000,880
  채널 포화          0
  미등록 심볼        0
  엔진 중지          0
  거부 합계          0
  접수 성공률        100.00%
  발행 결과          9,000,880
  주문 접수 결과     9,000,880
  주문 취소 결과     0
  주문 정정 결과     0
  체결 수            8,182,620
  메이커 갱신 수     8,182,620
  완료 여부          예
  접수 소요 시간     30.000s
  전체 소요 시간     30.001s
  실제 시도 수/s     300,029.28
  초당 접수 성공 수  300,029.28
  초당 발행 결과 수  300,018.42
  pacing 지연 횟수   8,647,007
  pacing 지연 합계   323.584s

================================
런타임 부하 테스트 결과
================================

[실행 조건]
  시나리오           시장가 금액 스윕 (market-quote-sweep)
  심볼 수            1
  스윕 깊이          10
  발행 지연          0ms
  제한 시간          30s
  실행 모드          paced
  목표 명령 수/s     350,000
  warm-up 시간       10.000s
  측정 시간          30.000s

[warm-up 결과]
  시도한 명령 수     3,500,164
  접수 성공          3,499,692
  채널 포화          472
  미등록 심볼        0
  엔진 중지          0
  거부 합계          472
  접수 성공률        99.99%
  발행 결과          3,499,692
  주문 접수 결과     3,499,692
  주문 취소 결과     0
  주문 정정 결과     0
  체결 수            3,359,001
  메이커 갱신 수     3,359,001
  완료 여부          예
  접수 소요 시간     10.000s
  전체 소요 시간     10.001s
  실제 시도 수/s     350,015.34
  초당 접수 성공 수  349,968.14
  초당 발행 결과 수  349,930.20
  pacing 지연 횟수   3,388,039
  pacing 지연 합계   138.212s

[측정 결과]
  시도한 명령 수     10,500,519
  접수 성공          10,484,134
  채널 포화          16,385
  미등록 심볼        0
  엔진 중지          0
  거부 합계          16,385
  접수 성공률        99.84%
  발행 결과          10,484,134
  주문 접수 결과     10,484,134
  주문 취소 결과     0
  주문 정정 결과     0
  체결 수            9,920,510
  메이커 갱신 수     9,920,510
  완료 여부          예
  접수 소요 시간     30.000s
  전체 소요 시간     30.003s
  실제 시도 수/s     350,016.73
  초당 접수 성공 수  349,470.57
  초당 발행 결과 수  349,432.92
  pacing 지연 횟수   10,157,491
  pacing 지연 합계   405.960s

================================
런타임 부하 테스트 결과
================================

[실행 조건]
  시나리오           시장가 금액 스윕 (market-quote-sweep)
  심볼 수            1
  스윕 깊이          10
  발행 지연          0ms
  제한 시간          30s
  실행 모드          paced
  목표 명령 수/s     350,000
  warm-up 시간       10.000s
  측정 시간          30.000s

[warm-up 결과]
  시도한 명령 수     3,500,174
  접수 성공          3,500,174
  채널 포화          0
  미등록 심볼        0
  엔진 중지          0
  거부 합계          0
  접수 성공률        100.00%
  발행 결과          3,500,174
  주문 접수 결과     3,500,174
  주문 취소 결과     0
  주문 정정 결과     0
  체결 수            3,181,970
  메이커 갱신 수     3,181,970
  완료 여부          예
  접수 소요 시간     10.000s
  전체 소요 시간     10.000s
  실제 시도 수/s     350,014.95
  초당 접수 성공 수  350,014.95
  초당 발행 결과 수  350,014.95
  pacing 지연 횟수   3,383,190
  pacing 지연 합계   133.447s

[측정 결과]
  시도한 명령 수     10,500,513
  접수 성공          10,496,734
  채널 포화          3,779
  미등록 심볼        0
  엔진 중지          0
  거부 합계          3,779
  접수 성공률        99.96%
  발행 결과          10,496,734
  주문 접수 결과     10,496,734
  주문 취소 결과     0
  주문 정정 결과     0
  체결 수            10,299,521
  메이커 갱신 수     10,299,521
  완료 여부          예
  접수 소요 시간     30.000s
  전체 소요 시간     30.000s
  실제 시도 수/s     350,016.72
  초당 접수 성공 수  349,890.75
  초당 발행 결과 수  349,890.75
  pacing 지연 횟수   10,154,453
  pacing 지연 합계   408.565s

================================
런타임 부하 테스트 결과
================================

[실행 조건]
  시나리오           시장가 금액 스윕 (market-quote-sweep)
  심볼 수            1
  스윕 깊이          10
  발행 지연          0ms
  제한 시간          30s
  실행 모드          paced
  목표 명령 수/s     350,000
  warm-up 시간       10.000s
  측정 시간          30.000s

[warm-up 결과]
  시도한 명령 수     3,500,164
  접수 성공          3,500,164
  채널 포화          0
  미등록 심볼        0
  엔진 중지          0
  거부 합계          0
  접수 성공률        100.00%
  발행 결과          3,500,164
  주문 접수 결과     3,500,164
  주문 취소 결과     0
  주문 정정 결과     0
  체결 수            3,181,960
  메이커 갱신 수     3,181,960
  완료 여부          예
  접수 소요 시간     10.000s
  전체 소요 시간     10.001s
  실제 시도 수/s     350,015.08
  초당 접수 성공 수  350,015.08
  초당 발행 결과 수  349,977.05
  pacing 지연 횟수   3,381,632
  pacing 지연 합계   128.591s

[측정 결과]
  시도한 명령 수     10,500,508
  접수 성공          10,493,311
  채널 포화          7,197
  미등록 심볼        0
  엔진 중지          0
  거부 합계          7,197
  접수 성공률        99.93%
  발행 결과          10,493,311
  주문 접수 결과     10,493,311
  주문 취소 결과     0
  주문 정정 결과     0
  체결 수            10,490,198
  메이커 갱신 수     10,490,198
  완료 여부          예
  접수 소요 시간     30.000s
  전체 소요 시간     30.001s
  실제 시도 수/s     350,016.67
  초당 접수 성공 수  349,776.77
  초당 발행 결과 수  349,764.13
  pacing 지연 횟수   10,153,594
  pacing 지연 합계   406.137s

================================
런타임 부하 테스트 결과
================================

[실행 조건]
  시나리오           시장가 금액 스윕 (market-quote-sweep)
  심볼 수            1
  스윕 깊이          10
  발행 지연          0ms
  제한 시간          30s
  실행 모드          paced
  목표 명령 수/s     330,000
  warm-up 시간       10.000s
  측정 시간          30.000s

[warm-up 결과]
  시도한 명령 수     3,300,329
  접수 성공          3,300,329
  채널 포화          0
  미등록 심볼        0
  엔진 중지          0
  거부 합계          0
  접수 성공률        100.00%
  발행 결과          3,300,329
  주문 접수 결과     3,300,329
  주문 취소 결과     0
  주문 정정 결과     0
  체결 수            3,000,290
  메이커 갱신 수     3,000,290
  완료 여부          예
  접수 소요 시간     10.000s
  전체 소요 시간     10.001s
  실제 시도 수/s     330,030.88
  초당 접수 성공 수  330,030.88
  초당 발행 결과 수  329,995.10
  pacing 지연 횟수   3,184,894
  pacing 지연 합계   122.390s

[측정 결과]
  시도한 명령 수     9,900,980
  접수 성공          9,900,812
  채널 포화          168
  미등록 심볼        0
  엔진 중지          0
  거부 합계          168
  접수 성공률        100.00%
  발행 결과          9,900,812
  주문 접수 결과     9,900,812
  주문 취소 결과     0
  주문 정정 결과     0
  체결 수            9,131,443
  메이커 갱신 수     9,131,443
  완료 여부          예
  접수 소요 시간     30.000s
  전체 소요 시간     30.000s
  실제 시도 수/s     330,032.33
  초당 접수 성공 수  330,026.73
  초당 발행 결과 수  330,026.73
  pacing 지연 횟수   9,556,789
  pacing 지연 합계   375.712s

================================
런타임 부하 테스트 결과
================================

[실행 조건]
  시나리오           시장가 금액 스윕 (market-quote-sweep)
  심볼 수            1
  스윕 깊이          10
  발행 지연          0ms
  제한 시간          30s
  실행 모드          paced
  목표 명령 수/s     370,000
  warm-up 시간       10.000s
  측정 시간          30.000s

[warm-up 결과]
  시도한 명령 수     3,699,584
  접수 성공          2,822,657
  채널 포화          876,927
  미등록 심볼        0
  엔진 중지          0
  거부 합계          876,927
  접수 성공률        76.30%
  발행 결과          2,822,657
  주문 접수 결과     2,822,657
  주문 취소 결과     0
  주문 정정 결과     0
  체결 수            2,726,952
  메이커 갱신 수     2,726,952
  완료 여부          예
  접수 소요 시간     10.000s
  전체 소요 시간     10.009s
  실제 시도 수/s     369,956.61
  초당 접수 성공 수  282,264.33
  초당 발행 결과 수  282,017.98
  pacing 지연 횟수   3,582,971
  pacing 지연 합계   138.446s

[측정 결과]
  시도한 명령 수     11,098,764
  접수 성공          2,082,783
  채널 포화          9,015,981
  미등록 심볼        0
  엔진 중지          0
  거부 합계          9,015,981
  접수 성공률        18.77%
  발행 결과          2,082,783
  주문 접수 결과     2,082,783
  주문 취소 결과     0
  주문 정정 결과     0
  체결 수            2,050,937
  메이커 갱신 수     2,050,937
  완료 여부          예
  접수 소요 시간     30.000s
  전체 소요 시간     30.021s
  실제 시도 수/s     369,958.48
  초당 접수 성공 수  69,426.04
  초당 발행 결과 수  69,376.39
  pacing 지연 횟수   10,726,772
  pacing 지연 합계   403.178s
