# runtime_stress 2026-06-09 partial-fill-rest

================================
런타임 부하 테스트 결과
================================

[실행 조건]
  시나리오           부분 체결 후 잔존 (partial-fill-rest)
  심볼 수            1
  스윕 깊이          10
  발행 지연          0ms
  제한 시간          30s
  실행 모드          paced
  목표 명령 수/s     200,000
  warm-up 시간       10.000s
  측정 시간          30.000s

[warm-up 결과]
  시도한 명령 수     1,999,994
  접수 성공          1,316,728
  채널 포화          683,266
  미등록 심볼        0
  엔진 중지          0
  거부 합계          683,266
  접수 성공률        65.84%
  발행 결과          1,316,728
  주문 접수 결과     1,316,728
  주문 취소 결과     0
  주문 정정 결과     0
  체결 수            1,198,360
  메이커 갱신 수     1,198,360
  완료 여부          예
  접수 소요 시간     10.000s
  전체 소요 시간     10.012s
  실제 시도 수/s     199,998.73
  초당 접수 성공 수  131,672.36
  초당 발행 결과 수  131,517.29
  pacing 지연 횟수   1,880,022
  pacing 지연 합계   128.387s

[측정 결과]
  시도한 명령 수     5,999,991
  접수 성공          1,665,392
  채널 포화          4,334,599
  미등록 심볼        0
  엔진 중지          0
  거부 합계          4,334,599
  접수 성공률        27.76%
  발행 결과          1,665,392
  주문 접수 결과     1,665,392
  주문 취소 결과     0
  주문 정정 결과     0
  체결 수            1,515,672
  메이커 갱신 수     1,515,672
  완료 여부          예
  접수 소요 시간     30.000s
  전체 소요 시간     30.028s
  실제 시도 수/s     199,999.56
  초당 접수 성공 수  55,513.03
  초당 발행 결과 수  55,461.57
  pacing 지연 횟수   5,623,259
  pacing 지연 합계   249.411s

================================
런타임 부하 테스트 결과
================================

[실행 조건]
  시나리오           부분 체결 후 잔존 (partial-fill-rest)
  심볼 수            1
  스윕 깊이          10
  발행 지연          0ms
  제한 시간          30s
  실행 모드          paced
  목표 명령 수/s     150,000
  warm-up 시간       10.000s
  측정 시간          30.000s

[warm-up 결과]
  시도한 명령 수     1,499,918
  접수 성공          1,205,405
  채널 포화          294,513
  미등록 심볼        0
  엔진 중지          0
  거부 합계          294,513
  접수 성공률        80.36%
  발행 결과          1,205,405
  주문 접수 결과     1,205,405
  주문 취소 결과     0
  주문 정정 결과     0
  체결 수            1,096,299
  메이커 갱신 수     1,096,299
  완료 여부          예
  접수 소요 시간     10.000s
  전체 소요 시간     10.014s
  실제 시도 수/s     149,991.42
  초당 접수 성공 수  120,540.19
  초당 발행 결과 수  120,372.69
  pacing 지연 횟수   1,373,598
  pacing 지연 합계   63.097s

[측정 결과]
  시도한 명령 수     4,499,773
  접수 성공          1,632,456
  채널 포화          2,867,317
  미등록 심볼        0
  엔진 중지          0
  거부 합계          2,867,317
  접수 성공률        36.28%
  발행 결과          1,632,456
  주문 접수 결과     1,632,456
  주문 취소 결과     0
  주문 정정 결과     0
  체결 수            1,485,675
  메이커 갱신 수     1,485,675
  완료 여부          예
  접수 소요 시간     30.000s
  전체 소요 시간     30.025s
  실제 시도 수/s     149,992.18
  초당 접수 성공 수  54,415.11
  초당 발행 결과 수  54,370.50
  pacing 지연 횟수   4,116,034
  pacing 지연 합계   170.036s

================================
런타임 부하 테스트 결과
================================

[실행 조건]
  시나리오           부분 체결 후 잔존 (partial-fill-rest)
  심볼 수            1
  스윕 깊이          10
  발행 지연          0ms
  제한 시간          30s
  실행 모드          paced
  목표 명령 수/s     100,000
  warm-up 시간       10.000s
  측정 시간          30.000s

[warm-up 결과]
  시도한 명령 수     1,000,000
  접수 성공          1,000,000
  채널 포화          0
  미등록 심볼        0
  엔진 중지          0
  거부 합계          0
  접수 성공률        100.00%
  발행 결과          1,000,000
  주문 접수 결과     1,000,000
  주문 취소 결과     0
  주문 정정 결과     0
  체결 수            909,091
  메이커 갱신 수     909,091
  완료 여부          예
  접수 소요 시간     10.000s
  전체 소요 시간     10.010s
  실제 시도 수/s     99,999.32
  초당 접수 성공 수  99,999.32
  초당 발행 결과 수  99,902.78
  pacing 지연 횟수   875,133
  pacing 지연 합계   31.941s

[측정 결과]
  시도한 명령 수     2,999,995
  접수 성공          1,712,937
  채널 포화          1,287,058
  미등록 심볼        0
  엔진 중지          0
  거부 합계          1,287,058
  접수 성공률        57.10%
  발행 결과          1,712,937
  주문 접수 결과     1,712,937
  주문 취소 결과     0
  주문 정정 결과     0
  체결 수            1,557,550
  메이커 갱신 수     1,557,550
  완료 여부          예
  접수 소요 시간     30.000s
  전체 소요 시간     30.028s
  실제 시도 수/s     99,999.79
  초당 접수 성공 수  57,097.88
  초당 발행 결과 수  57,044.98
  pacing 지연 횟수   2,618,799
  pacing 지연 합계   121.671s

  ================================
런타임 부하 테스트 결과
================================

[실행 조건]
  시나리오           부분 체결 후 잔존 (partial-fill-rest)
  심볼 수            1
  스윕 깊이          10
  발행 지연          0ms
  제한 시간          30s
  실행 모드          paced
  목표 명령 수/s     50,000
  warm-up 시간       10.000s
  측정 시간          30.000s

[warm-up 결과]
  시도한 명령 수     499,998
  접수 성공          499,998
  채널 포화          0
  미등록 심볼        0
  엔진 중지          0
  거부 합계          0
  접수 성공률        100.00%
  발행 결과          499,998
  주문 접수 결과     499,998
  주문 취소 결과     0
  주문 정정 결과     0
  체결 수            454,544
  메이커 갱신 수     454,544
  완료 여부          예
  접수 소요 시간     10.000s
  전체 소요 시간     10.000s
  실제 시도 수/s     49,999.51
  초당 접수 성공 수  49,999.51
  초당 발행 결과 수  49,999.51
  pacing 지연 횟수   378,236
  pacing 지연 합계   12.118s

[측정 결과]
  시도한 명령 수     1,500,000
  접수 성공          1,500,000
  채널 포화          0
  미등록 심볼        0
  엔진 중지          0
  거부 합계          0
  접수 성공률        100.00%
  발행 결과          1,500,000
  주문 접수 결과     1,500,000
  주문 취소 결과     0
  주문 정정 결과     0
  체결 수            1,363,636
  메이커 갱신 수     1,363,636
  완료 여부          예
  접수 소요 시간     30.000s
  전체 소요 시간     30.001s
  실제 시도 수/s     49,999.89
  초당 접수 성공 수  49,999.89
  초당 발행 결과 수  49,998.10
  pacing 지연 횟수   1,139,530
  pacing 지연 합계   37.923s

================================
런타임 부하 테스트 결과
================================

[실행 조건]
  시나리오           부분 체결 후 잔존 (partial-fill-rest)
  심볼 수            1
  스윕 깊이          10
  발행 지연          0ms
  제한 시간          30s
  실행 모드          paced
  목표 명령 수/s     70,000
  warm-up 시간       10.000s
  측정 시간          30.000s

[warm-up 결과]
  시도한 명령 수     699,985
  접수 성공          699,985
  채널 포화          0
  미등록 심볼        0
  엔진 중지          0
  거부 합계          0
  접수 성공률        100.00%
  발행 결과          699,985
  주문 접수 결과     699,985
  주문 취소 결과     0
  주문 정정 결과     0
  체결 수            636,350
  메이커 갱신 수     636,350
  완료 여부          예
  접수 소요 시간     10.000s
  전체 소요 시간     10.001s
  실제 시도 수/s     69,998.16
  초당 접수 성공 수  69,998.16
  초당 발행 결과 수  69,990.64
  pacing 지연 횟수   578,730
  pacing 지연 합계   20.106s

[측정 결과]
  시도한 명령 수     2,099,956
  접수 성공          1,747,727
  채널 포화          352,229
  미등록 심볼        0
  엔진 중지          0
  거부 합계          352,229
  접수 성공률        83.23%
  발행 결과          1,747,727
  주문 접수 결과     1,747,727
  주문 취소 결과     0
  주문 정정 결과     0
  체결 수            1,589,173
  메이커 갱신 수     1,589,173
  완료 여부          예
  접수 소요 시간     30.000s
  전체 소요 시간     30.025s
  실제 시도 수/s     69,998.43
  초당 접수 성공 수  58,257.48
  초당 발행 결과 수  58,209.48
  pacing 지연 횟수   1,723,271
  pacing 지연 합계   66.179s

================================
런타임 부하 테스트 결과
================================

[실행 조건]
  시나리오           부분 체결 후 잔존 (partial-fill-rest)
  심볼 수            1
  스윕 깊이          10
  발행 지연          0ms
  제한 시간          30s
  실행 모드          paced
  목표 명령 수/s     60,000
  warm-up 시간       10.000s
  측정 시간          30.000s

[warm-up 결과]
  시도한 명령 수     599,984
  접수 성공          599,984
  채널 포화          0
  미등록 심볼        0
  엔진 중지          0
  거부 합계          0
  접수 성공률        100.00%
  발행 결과          599,984
  주문 접수 결과     599,984
  주문 취소 결과     0
  주문 정정 결과     0
  체결 수            545,440
  메이커 갱신 수     545,440
  완료 여부          예
  접수 소요 시간     10.000s
  전체 소요 시간     10.000s
  실제 시도 수/s     59,998.40
  초당 접수 성공 수  59,998.40
  초당 발행 결과 수  59,998.40
  pacing 지연 횟수   480,989
  pacing 지연 합계   14.989s

[측정 결과]
  시도한 명령 수     1,799,964
  접수 성공          1,722,514
  채널 포화          77,450
  미등록 심볼        0
  엔진 중지          0
  거부 합계          77,450
  접수 성공률        95.70%
  발행 결과          1,722,514
  주문 접수 결과     1,722,514
  주문 취소 결과     0
  주문 정정 결과     0
  체결 수            1,566,028
  메이커 갱신 수     1,566,028
  완료 여부          예
  접수 소요 시간     30.000s
  전체 소요 시간     30.025s
  실제 시도 수/s     59,998.65
  초당 접수 성공 수  57,416.99
  초당 발행 결과 수  57,369.85
  pacing 지연 횟수   1,432,769
  pacing 지연 합계   49.791s

================================
런타임 부하 테스트 결과
================================

[실행 조건]
  시나리오           부분 체결 후 잔존 (partial-fill-rest)
  심볼 수            1
  스윕 깊이          10
  발행 지연          0ms
  제한 시간          30s
  실행 모드          paced
  목표 명령 수/s     55,000
  warm-up 시간       10.000s
  측정 시간          30.000s

[warm-up 결과]
  시도한 명령 수     549,993
  접수 성공          549,993
  채널 포화          0
  미등록 심볼        0
  엔진 중지          0
  거부 합계          0
  접수 성공률        100.00%
  발행 결과          549,993
  주문 접수 결과     549,993
  주문 취소 결과     0
  주문 정정 결과     0
  체결 수            499,994
  메이커 갱신 수     499,994
  완료 여부          예
  접수 소요 시간     10.000s
  전체 소요 시간     10.000s
  실제 시도 수/s     54,999.04
  초당 접수 성공 수  54,999.04
  초당 발행 결과 수  54,999.04
  pacing 지연 횟수   422,050
  pacing 지연 합계   13.859s

[측정 결과]
  시도한 명령 수     1,649,979
  접수 성공          1,616,360
  채널 포화          33,619
  미등록 심볼        0
  엔진 중지          0
  거부 합계          33,619
  접수 성공률        97.96%
  발행 결과          1,616,360
  주문 접수 결과     1,616,360
  주문 취소 결과     0
  주문 정정 결과     0
  체결 수            1,469,529
  메이커 갱신 수     1,469,529
  완료 여부          예
  접수 소요 시간     30.000s
  전체 소요 시간     30.021s
  실제 시도 수/s     54,999.30
  초당 접수 성공 수  53,878.66
  초당 발행 결과 수  53,840.25
  pacing 지연 횟수   1,272,254
  pacing 지연 합계   46.487s
