 Container rustex-kafka  Running
 Container rustex-matching-engine  Running
 Container rustex-kafka  Waiting
 Container rustex-kafka  Healthy
================================
gRPC + Kafka 통합 부하 테스트 결과
================================

[실행 조건]
  시나리오                        : 수량 감소 정정 (amend-decrease-qty)
  실행 모드                       : paced (target=50,000/s, duration=30.000s, warmup=5.000s)
  심볼 수                        : 1
  스윕 깊이                       : 10
  동시 실행(units)                : 512
  gRPC 연결 수(connections)      : 16
  gRPC 엔드포인트                  : http://matching-engine:50051
  Kafka 브로커                   : kafka:9092
  Kafka 토픽                    : matching-engine-events
  settle 제한 시간                : 15s

[gRPC 접수]
  시도한 명령 수                    : 1,499,937
  접수 성공(SUBMITTED)            : 1,499,937
  채널 포화(503)                  : 0
  거부(REJECTED)                : 0
  기타 에러                       : 0
  접수 성공률                      : 100.00%
  목표 명령 수                     : 1,500,000
  실제 시도율                      : 49994.9/s
  target 달성률                  : 100.00%
  target 달성 여부                : 예
  pacing 지연 횟수                : 479,822
  pacing 지연 누적                : 508.133s
  pacing 최대 지연                : 4ms

[Kafka 수신 / 정합성]
  송신 알림 처리                    : 1,499,937
  수신 이벤트(중복 포함)               : 1,499,937
  고유 이벤트                      : 1,499,937
  상관 매칭                       : 1,499,937
  누락(접수했으나 미수신)               : 0
  중복 수신                       : 0
  미상관 수신                      : 0
  settle 완료                   : 예
  무손실 판정                      : 통과 (누락·중복 없음)

[gRPC ack 지연 (T2-T1: 송신→SUBMITTED)]
  표본 수                        : 1,499,937
  min                         : 43µs
  p50                         : 368µs
  p90                         : 761µs
  p99                         : 1.785ms
  p99.9                       : 2.910ms
  max                         : 5.670ms
  mean                        : 442µs

[post-ack 지연 (T3-T2: SUBMITTED→Kafka)]
  표본 수                        : 1,499,937
  min                         : 0µs
  p50                         : 5.042ms
  p90                         : 6.761ms
  p99                         : 10.295ms
  p99.9                       : 50.255ms
  max                         : 77.325ms
  mean                        : 4.975ms

[E2E 지연 (T3-T1: 송신→Kafka)]
  표본 수                        : 1,499,937
  min                         : 839µs
  p50                         : 5.583ms
  p90                         : 7.264ms
  p99                         : 10.769ms
  p99.9                       : 50.699ms
  max                         : 77.999ms
  mean                        : 5.418ms

[처리량]
  접수 소요 시간                    : 30.002s
  전체 소요 시간(접수+settle)         : 30.031s
  초당 접수 성공 수                  : 49994.9/s
  초당 종단 수신 수(E2E)             : 49946.0/s

 Container rustex-kafka  Running
 Container rustex-matching-engine  Running
 Container rustex-kafka  Waiting
 Container rustex-kafka  Healthy
================================
gRPC + Kafka 통합 부하 테스트 결과
================================

[실행 조건]
  시나리오                        : 수량 감소 정정 (amend-decrease-qty)
  실행 모드                       : paced (target=75,000/s, duration=30.000s, warmup=5.000s)
  심볼 수                        : 1
  스윕 깊이                       : 10
  동시 실행(units)                : 512
  gRPC 연결 수(connections)      : 16
  gRPC 엔드포인트                  : http://matching-engine:50051
  Kafka 브로커                   : kafka:9092
  Kafka 토픽                    : matching-engine-events
  settle 제한 시간                : 15s

[gRPC 접수]
  시도한 명령 수                    : 2,250,027
  접수 성공(SUBMITTED)            : 2,249,525
  채널 포화(503)                  : 502
  거부(REJECTED)                : 0
  기타 에러                       : 0
  접수 성공률                      : 99.98%
  목표 명령 수                     : 2,250,000
  실제 시도율                      : 74997.5/s
  target 달성률                  : 100.00%
  target 달성 여부                : 예
  pacing 지연 횟수                : 730,144
  pacing 지연 누적                : 1137.787s
  pacing 최대 지연                : 58ms

[Kafka 수신 / 정합성]
  송신 알림 처리                    : 2,249,525
  수신 이벤트(중복 포함)               : 2,249,525
  고유 이벤트                      : 2,249,525
  상관 매칭                       : 2,249,525
  누락(접수했으나 미수신)               : 0
  중복 수신                       : 0
  미상관 수신                      : 0
  settle 완료                   : 예
  무손실 판정                      : 통과 (누락·중복 없음)

[gRPC ack 지연 (T2-T1: 송신→SUBMITTED)]
  표본 수                        : 2,249,525
  min                         : 42µs
  p50                         : 502µs
  p90                         : 1.056ms
  p99                         : 6.527ms
  p99.9                       : 60.659ms
  max                         : 85.314ms
  mean                        : 878µs

[post-ack 지연 (T3-T2: SUBMITTED→Kafka)]
  표본 수                        : 2,249,525
  min                         : 0µs
  p50                         : 4.940ms
  p90                         : 6.460ms
  p99                         : 15.502ms
  p99.9                       : 123.772ms
  max                         : 137.742ms
  mean                        : 4.929ms

[E2E 지연 (T3-T1: 송신→Kafka)]
  표본 수                        : 2,249,525
  min                         : 925µs
  p50                         : 5.574ms
  p90                         : 7.206ms
  p99                         : 28.024ms
  p99.9                       : 130.347ms
  max                         : 139.012ms
  mean                        : 5.804ms

[처리량]
  접수 소요 시간                    : 30.001s
  전체 소요 시간(접수+settle)         : 30.054s
  초당 접수 성공 수                  : 74980.7/s
  초당 종단 수신 수(E2E)             : 74850.7/s

 Container rustex-kafka  Running
 Container rustex-matching-engine  Running
 Container rustex-kafka  Waiting
 Container rustex-kafka  Healthy
Kafka 수신 오류: Message consumption error: BrokerTransportFailure (Local: Broker transport failure)
Kafka 수신 오류: Message consumption error: BrokerTransportFailure (Local: Broker transport failure)
================================
gRPC + Kafka 통합 부하 테스트 결과
================================

[실행 조건]
  시나리오                        : 수량 감소 정정 (amend-decrease-qty)
  실행 모드                       : paced (target=100,000/s, duration=30.000s, warmup=5.000s)
  심볼 수                        : 1
  스윕 깊이                       : 10
  동시 실행(units)                : 512
  gRPC 연결 수(connections)      : 16
  gRPC 엔드포인트                  : http://matching-engine:50051
  Kafka 브로커                   : kafka:9092
  Kafka 토픽                    : matching-engine-events
  settle 제한 시간                : 15s

[gRPC 접수]
  시도한 명령 수                    : 2,723,388
  접수 성공(SUBMITTED)            : 2,697,188
  채널 포화(503)                  : 26,200
  거부(REJECTED)                : 0
  기타 에러                       : 0
  접수 성공률                      : 99.04%
  목표 명령 수                     : 3,000,000
  실제 시도율                      : 90614.1/s
  target 달성률                  : 90.78%
  target 달성 여부                : 아니오
  pacing 지연 횟수                : 907,516
  pacing 지연 누적                : 1597824.515s
  pacing 최대 지연                : 2.839s

[Kafka 수신 / 정합성]
  송신 알림 처리                    : 2,697,188
  수신 이벤트(중복 포함)               : 1,215
  고유 이벤트                      : 1,215
  상관 매칭                       : 1,215
  누락(접수했으나 미수신)               : 2,695,973
  중복 수신                       : 0
  미상관 수신                      : 0
  settle 완료                   : 아니오
  무손실 판정                      : 실패 (누락/중복/미정착 확인 필요)

[gRPC ack 지연 (T2-T1: 송신→SUBMITTED)]
  표본 수                        : 1,215
  min                         : 215µs
  p50                         : 2.127ms
  p90                         : 4.593ms
  p99                         : 73.771ms
  p99.9                       : 74.290ms
  max                         : 74.290ms
  mean                        : 7.768ms

[post-ack 지연 (T3-T2: SUBMITTED→Kafka)]
  표본 수                        : 1,215
  min                         : 7.874ms
  p50                         : 9.737ms
  p90                         : 10.558ms
  p99                         : 10.759ms
  p99.9                       : 11.006ms
  max                         : 11.009ms
  mean                        : 9.446ms

[E2E 지연 (T3-T1: 송신→Kafka)]
  표본 수                        : 1,215
  min                         : 8.824ms
  p50                         : 12.076ms
  p90                         : 13.285ms
  p99                         : 82.418ms
  p99.9                       : 82.769ms
  max                         : 82.772ms
  mean                        : 17.215ms

[처리량]
  접수 소요 시간                    : 30.055s
  전체 소요 시간(접수+settle)         : 45.066s
  초당 접수 성공 수                  : 89742.3/s
  초당 종단 수신 수(E2E)             : 27.0/s
