# runtime_stress 2026-06-09 cancel-resting-order

================================
런타임 부하 테스트 결과
================================

[실행 조건]
  시나리오           잔존 주문 취소 (cancel-resting-order)
  심볼 수            1
  스윕 깊이          10
  발행 지연          0ms
  제한 시간          30s
  실행 모드          paced
  목표 명령 수/s     100,000
  warm-up 시간       10.000s
  측정 시간          30.000s

[warm-up 결과]
  시도한 명령 수     999,996
  접수 성공          999,996
  채널 포화          0
  미등록 심볼        0
  엔진 중지          0
  거부 합계          0
  접수 성공률        100.00%
  발행 결과          999,996
  주문 접수 결과     500,000
  주문 취소 결과     499,996
  주문 정정 결과     0
  체결 수            0
  메이커 갱신 수     0
  완료 여부          예
  접수 소요 시간     10.000s
  전체 소요 시간     10.000s
  실제 시도 수/s     99,999.36
  초당 접수 성공 수  99,999.36
  초당 발행 결과 수  99,999.36
  pacing 지연 횟수   870,846
  pacing 지연 합계   29.016s

[측정 결과]
  시도한 명령 수     2,999,998
  접수 성공          2,999,998
  채널 포화          0
  미등록 심볼        0
  엔진 중지          0
  거부 합계          0
  접수 성공률        100.00%
  발행 결과          2,999,998
  주문 접수 결과     1,500,000
  주문 취소 결과     1,499,998
  주문 정정 결과     0
  체결 수            0
  메이커 갱신 수     0
  완료 여부          예
  접수 소요 시간     30.000s
  전체 소요 시간     30.000s
  실제 시도 수/s     99,999.76
  초당 접수 성공 수  99,999.76
  초당 발행 결과 수  99,999.76
  pacing 지연 횟수   2,627,167
  pacing 지연 합계   87.911s

================================
런타임 부하 테스트 결과
================================

[실행 조건]
    시나리오           잔존 주문 취소 (cancel-resting-order)
    심볼 수            1
    스윕 깊이          10
    발행 지연          0ms
    제한 시간          30s
    실행 모드          paced
    목표 명령 수/s     200,000
    warm-up 시간       10.000s
    측정 시간          30.000s

  [warm-up 결과]
    시도한 명령 수     1,999,999
    접수 성공          1,999,999
    채널 포화          0
    미등록 심볼        0
    엔진 중지          0
    거부 합계          0
    접수 성공률        100.00%
    발행 결과          1,999,999
    주문 접수 결과     1,000,000
    주문 취소 결과     999,999
    주문 정정 결과     0
    체결 수            0
    메이커 갱신 수     0
    완료 여부          예
    접수 소요 시간     10.000s
    전체 소요 시간     10.000s
    실제 시도 수/s     199,998.69
    초당 접수 성공 수  199,998.69
    초당 발행 결과 수  199,998.69
    pacing 지연 횟수   1,874,132
    pacing 지연 합계   65.983s

  [측정 결과]
    시도한 명령 수     5,999,987
    접수 성공          5,999,987
    채널 포화          0
    미등록 심볼        0
    엔진 중지          0
    거부 합계          0
    접수 성공률        100.00%
    발행 결과          5,999,987
    주문 접수 결과     2,999,996
    주문 취소 결과     2,999,991
    주문 정정 결과     0
    체결 수            0
    메이커 갱신 수     0
    완료 여부          예
    접수 소요 시간     30.000s
    전체 소요 시간     30.000s
    실제 시도 수/s     199,999.56
    초당 접수 성공 수  199,999.56
    초당 발행 결과 수  199,999.56
    pacing 지연 횟수   5,625,786
    pacing 지연 합계   199.596s

================================
런타임 부하 테스트 결과
================================

[실행 조건]
    시나리오           잔존 주문 취소 (cancel-resting-order)
    심볼 수            1
    스윕 깊이          10
    발행 지연          0ms
    제한 시간          30s
    실행 모드          paced
    목표 명령 수/s     300,000
    warm-up 시간       10.000s
    측정 시간          30.000s

[warm-up 결과]
    시도한 명령 수     3,000,300
    접수 성공          3,000,300
    채널 포화          0
    미등록 심볼        0
    엔진 중지          0
    거부 합계          0
    접수 성공률        100.00%
    발행 결과          3,000,300
    주문 접수 결과     1,500,150
    주문 취소 결과     1,500,150
    주문 정정 결과     0
    체결 수            0
    메이커 갱신 수     0
    완료 여부          예
    접수 소요 시간     10.000s
    전체 소요 시간     10.000s
    실제 시도 수/s     300,028.04
    초당 접수 성공 수  300,028.04
    초당 발행 결과 수  300,028.04
    pacing 지연 횟수   2,878,273
    pacing 지연 합계   104.083s

[측정 결과]
    시도한 명령 수     9,000,882
    접수 성공          9,000,684
    채널 포화          198
    미등록 심볼        0
    엔진 중지          0
    거부 합계          198
    접수 성공률        100.00%
    발행 결과          9,000,684
    주문 접수 결과     4,500,344
    주문 취소 결과     4,500,340
    주문 정정 결과     0
    체결 수            0
    메이커 갱신 수     0
    완료 여부          예
    접수 소요 시간     30.000s
    전체 소요 시간     30.000s
    실제 시도 수/s     300,029.24
    초당 접수 성공 수  300,022.64
    초당 발행 결과 수  300,022.64
    pacing 지연 횟수   8,642,490
    pacing 지연 합계   323.855s

================================
런타임 부하 테스트 결과
================================

[실행 조건]
  시나리오           잔존 주문 취소 (cancel-resting-order)
  심볼 수            1
  스윕 깊이          10
  발행 지연          0ms
  제한 시간          30s
  실행 모드          paced
  목표 명령 수/s     400,000
  warm-up 시간       10.000s
  측정 시간          30.000s

[warm-up 결과]
  시도한 명령 수     3,999,995
  접수 성공          3,999,995
  채널 포화          0
  미등록 심볼        0
  엔진 중지          0
  거부 합계          0
  접수 성공률        100.00%
  발행 결과          3,999,995
  주문 접수 결과     2,000,000
  주문 취소 결과     1,999,995
  주문 정정 결과     0
  체결 수            0
  메이커 갱신 수     0
  완료 여부          예
  접수 소요 시간     10.000s
  전체 소요 시간     10.000s
  실제 시도 수/s     399,997.45
  초당 접수 성공 수  399,997.45
  초당 발행 결과 수  399,997.44
  pacing 지연 횟수   3,881,239
  pacing 지연 합계   143.393s

[측정 결과]
  시도한 명령 수     11,999,975
  접수 성공          11,999,593
  채널 포화          382
  미등록 심볼        0
  엔진 중지          0
  거부 합계          382
  접수 성공률        100.00%
  발행 결과          11,999,593
  주문 접수 결과     5,999,800
  주문 취소 결과     5,999,793
  주문 정정 결과     0
  체결 수            0
  메이커 갱신 수     0
  완료 여부          예
  접수 소요 시간     30.000s
  전체 소요 시간     30.001s
  실제 시도 수/s     399,999.13
  초당 접수 성공 수  399,986.40
  초당 발행 결과 수  399,972.02
  pacing 지연 횟수   11,653,115
  pacing 지연 합계   433.669s

================================
런타임 부하 테스트 결과
================================

[실행 조건]
  시나리오           잔존 주문 취소 (cancel-resting-order)
  심볼 수            1
  스윕 깊이          10
  발행 지연          0ms
  제한 시간          30s
  실행 모드          paced
  목표 명령 수/s     500,000
  warm-up 시간       10.000s
  측정 시간          30.000s

[warm-up 결과]
  시도한 명령 수     4,999,965
  접수 성공          4,999,965
  채널 포화          0
  미등록 심볼        0
  엔진 중지          0
  거부 합계          0
  접수 성공률        100.00%
  발행 결과          4,999,965
  주문 접수 결과     2,499,985
  주문 취소 결과     2,499,980
  주문 정정 결과     0
  체결 수            0
  메이커 갱신 수     0
  완료 여부          예
  접수 소요 시간     10.000s
  전체 소요 시간     10.000s
  실제 시도 수/s     499,996.27
  초당 접수 성공 수  499,996.27
  초당 발행 결과 수  499,996.26
  pacing 지연 횟수   4,884,786
  pacing 지연 합계   179.773s

[측정 결과]
  시도한 명령 수     14,999,976
  접수 성공          14,999,709
  채널 포화          267
  미등록 심볼        0
  엔진 중지          0
  거부 합계          267
  접수 성공률        100.00%
  발행 결과          14,999,709
  주문 접수 결과     7,499,854
  주문 취소 결과     7,499,855
  주문 정정 결과     0
  체결 수            0
  메이커 갱신 수     0
  완료 여부          예
  접수 소요 시간     30.000s
  전체 소요 시간     30.001s
  실제 시도 수/s     499,999.17
  초당 접수 성공 수  499,990.27
  초당 발행 결과 수  499,972.26
  pacing 지연 횟수   14,655,896
  pacing 지연 합계   552.347s

================================
런타임 부하 테스트 결과
================================

[실행 조건]
  시나리오           잔존 주문 취소 (cancel-resting-order)
  심볼 수            1
  스윕 깊이          10
  발행 지연          0ms
  제한 시간          30s
  실행 모드          paced
  목표 명령 수/s     700,000
  warm-up 시간       10.000s
  측정 시간          30.000s

[warm-up 결과]
  시도한 명령 수     6,997,878
  접수 성공          6,997,276
  채널 포화          602
  미등록 심볼        0
  엔진 중지          0
  거부 합계          602
  접수 성공률        99.99%
  발행 결과          6,997,276
  주문 접수 결과     3,498,638
  주문 취소 결과     3,498,638
  주문 정정 결과     0
  체결 수            0
  메이커 갱신 수     0
  완료 여부          예
  접수 소요 시간     10.000s
  전체 소요 시간     10.000s
  실제 시도 수/s     699,785.59
  초당 접수 성공 수  699,725.39
  초당 발행 결과 수  699,725.38
  pacing 지연 횟수   6,895,825
  pacing 지연 합계   256.123s

[측정 결과]
  시도한 명령 수     20,993,700
  접수 성공          20,993,475
  채널 포화          225
  미등록 심볼        0
  엔진 중지          0
  거부 합계          225
  접수 성공률        100.00%
  발행 결과          20,993,475
  주문 접수 결과     10,496,736
  주문 취소 결과     10,496,739
  주문 정정 결과     0
  체결 수            0
  메이커 갱신 수     0
  완료 여부          예
  접수 소요 시간     30.000s
  전체 소요 시간     30.000s
  실제 시도 수/s     699,788.59
  초당 접수 성공 수  699,781.09
  초당 발행 결과 수  699,781.09
  pacing 지연 횟수   20,686,218
  pacing 지연 합계   777.872s

================================
런타임 부하 테스트 결과
================================

[실행 조건]
  시나리오           잔존 주문 취소 (cancel-resting-order)
  심볼 수            1
  스윕 깊이          10
  발행 지연          0ms
  제한 시간          30s
  실행 모드          paced
  목표 명령 수/s     800,000
  warm-up 시간       10.000s
  측정 시간          30.000s

[warm-up 결과]
  시도한 명령 수     7,999,994
  접수 성공          7,999,983
  채널 포화          11
  미등록 심볼        0
  엔진 중지          0
  거부 합계          11
  접수 성공률        100.00%
  발행 결과          7,999,983
  주문 접수 결과     3,999,995
  주문 취소 결과     3,999,988
  주문 정정 결과     0
  체결 수            0
  메이커 갱신 수     0
  완료 여부          예
  접수 소요 시간     10.000s
  전체 소요 시간     10.001s
  실제 시도 수/s     799,999.39
  초당 접수 성공 수  799,998.29
  초당 발행 결과 수  799,912.04
  pacing 지연 횟수   7,891,852
  pacing 지연 합계   291.652s

[측정 결과]
  시도한 명령 수     23,999,955
  접수 성공          23,999,066
  채널 포화          889
  미등록 심볼        0
  엔진 중지          0
  거부 합계          889
  접수 성공률        100.00%
  발행 결과          23,999,066
  주문 접수 결과     11,999,538
  주문 취소 결과     11,999,528
  주문 정정 결과     0
  체결 수            0
  메이커 갱신 수     0
  완료 여부          예
  접수 소요 시간     30.000s
  전체 소요 시간     30.001s
  실제 시도 수/s     799,998.50
  초당 접수 성공 수  799,968.86
  초당 발행 결과 수  799,939.99
  pacing 지연 횟수   23,712,355
  pacing 지연 합계   895.925s

================================
런타임 부하 테스트 결과
================================

[실행 조건]
  시나리오           잔존 주문 취소 (cancel-resting-order)
  심볼 수            1
  스윕 깊이          10
  발행 지연          0ms
  제한 시간          30s
  실행 모드          paced
  목표 명령 수/s     900,000
  warm-up 시간       10.000s
  측정 시간          30.000s

[warm-up 결과]
  시도한 명령 수     9,000,871
  접수 성공          8,973,085
  채널 포화          27,786
  미등록 심볼        0
  엔진 중지          0
  거부 합계          27,786
  접수 성공률        99.69%
  발행 결과          8,973,085
  주문 접수 결과     4,486,546
  주문 취소 결과     4,486,539
  주문 정정 결과     0
  체결 수            0
  메이커 갱신 수     0
  완료 여부          예
  접수 소요 시간     10.000s
  전체 소요 시간     10.000s
  실제 시도 수/s     900,084.26
  초당 접수 성공 수  897,305.67
  초당 발행 결과 수  897,305.66
  pacing 지연 횟수   8,905,003
  pacing 지연 합계   409.080s

[측정 결과]
  시도한 명령 수     27,002,672
  접수 성공          27,001,729
  채널 포화          943
  미등록 심볼        0
  엔진 중지          0
  거부 합계          943
  접수 성공률        100.00%
  발행 결과          27,001,729
  주문 접수 결과     13,500,860
  주문 취소 결과     13,500,869
  주문 정정 결과     0
  체결 수            0
  메이커 갱신 수     0
  완료 여부          예
  접수 소요 시간     30.000s
  전체 소요 시간     30.000s
  실제 시도 수/s     900,088.04
  초당 접수 성공 수  900,056.61
  초당 발행 결과 수  900,056.61
  pacing 지연 횟수   26,732,799
  pacing 지연 합계   1049.139s

================================
런타임 부하 테스트 결과
================================

[실행 조건]
  시나리오           잔존 주문 취소 (cancel-resting-order)
  심볼 수            1
  스윕 깊이          10
  발행 지연          0ms
  제한 시간          30s
  실행 모드          paced
  목표 명령 수/s     1,000,000
  warm-up 시간       10.000s
  측정 시간          30.000s

[warm-up 결과]
  시도한 명령 수     9,999,980
  접수 성공          9,994,947
  채널 포화          5,033
  미등록 심볼        0
  엔진 중지          0
  거부 합계          5,033
  접수 성공률        99.95%
  발행 결과          9,994,947
  주문 접수 결과     4,997,491
  주문 취소 결과     4,997,456
  주문 정정 결과     0
  체결 수            0
  메이커 갱신 수     0
  완료 여부          예
  접수 소요 시간     10.000s
  전체 소요 시간     10.000s
  실제 시도 수/s     999,992.89
  초당 접수 성공 수  999,489.60
  초당 발행 결과 수  999,489.59
  pacing 지연 횟수   9,896,461
  pacing 지연 합계   374.042s

[측정 결과]
  시도한 명령 수     29,999,986
  접수 성공          7,311,012
  채널 포화          22,688,974
  미등록 심볼        0
  엔진 중지          0
  거부 합계          22,688,974
  접수 성공률        24.37%
  발행 결과          7,311,012
  주문 접수 결과     3,672,489
  주문 취소 결과     3,638,523
  주문 정정 결과     0
  체결 수            0
  메이커 갱신 수     0
  완료 여부          예
  접수 소요 시간     30.000s
  전체 소요 시간     30.047s
  실제 시도 수/s     999,997.80
  초당 접수 성공 수  243,699.98
  초당 발행 결과 수  243,323.03
  pacing 지연 횟수   29,705,882
  pacing 지연 합계   1140.953s

================================
런타임 부하 테스트 결과
================================

[실행 조건]
  시나리오           잔존 주문 취소 (cancel-resting-order)
  심볼 수            1
  스윕 깊이          10
  발행 지연          0ms
  제한 시간          30s
  실행 모드          paced
  목표 명령 수/s     950,000
  warm-up 시간       10.000s
  측정 시간          30.000s

[warm-up 결과]
  시도한 명령 수     9,496,612
  접수 성공          9,495,902
  채널 포화          710
  미등록 심볼        0
  엔진 중지          0
  거부 합계          710
  접수 성공률        99.99%
  발행 결과          9,495,902
  주문 접수 결과     4,747,958
  주문 취소 결과     4,747,944
  주문 정정 결과     0
  체결 수            0
  메이커 갱신 수     0
  완료 여부          예
  접수 소요 시간     10.000s
  전체 소요 시간     10.001s
  실제 시도 수/s     949,661.04
  초당 접수 성공 수  949,590.04
  초당 발행 결과 수  949,487.72
  pacing 지연 횟수   9,410,752
  pacing 지연 합계   375.660s

[측정 결과]
  시도한 명령 수     28,489,987
  접수 성공          4,711,844
  채널 포화          23,778,143
  미등록 심볼        0
  엔진 중지          0
  거부 합계          23,778,143
  접수 성공률        16.54%
  발행 결과          4,711,844
  주문 접수 결과     2,373,371
  주문 취소 결과     2,338,473
  주문 정정 결과     0
  체결 수            0
  메이커 갱신 수     0
  완료 여부          예
  접수 소요 시간     30.000s
  전체 소요 시간     30.058s
  실제 시도 수/s     949,666.23
  초당 접수 성공 수  157,061.47
  초당 발행 결과 수  156,757.94
  pacing 지연 횟수   28,185,029
  pacing 지연 합계   1087.428s
