================================
런타임 부하 테스트 결과
================================

[실행 조건]
  시나리오           잔존 주문 취소 (cancel-resting-order)
  심볼 수            1
  스윕 깊이          10
  발행 지연          0ms
  제한 시간          30s
  실행 모드          paced
  목표 명령 수/s     200,000
  warm-up 시간       10.000s
  측정 시간          30.000s

[warm-up 결과]
  시도한 명령 수     1,999,931
  접수 성공          1,999,931
  채널 포화          0
  미등록 심볼        0
  엔진 중지          0
  거부 합계          0
  접수 성공률        100.00%
  발행 결과          1,999,931
  주문 접수 결과     999,970
  주문 취소 결과     999,961
  주문 정정 결과     0
  체결 수            0
  메이커 갱신 수     0
  완료 여부          예
  접수 소요 시간     10.000s
  전체 소요 시간     10.000s
  실제 시도 수/s     199,986.43
  초당 접수 성공 수  199,986.43
  초당 발행 결과 수  199,986.42
  pacing 지연 횟수   1,990,057
  pacing 지연 합계   914.393s
  지연 표본 수       1,999,931
  지연 min           0µs
  지연 mean          132µs
  지연 p50           106µs
  지연 p95           279µs
  지연 p99           634µs
  지연 max           4.077ms

[측정 결과]
  시도한 명령 수     5,999,976
  접수 성공          5,993,362
  채널 포화          6,614
  미등록 심볼        0
  엔진 중지          0
  거부 합계          6,614
  접수 성공률        99.89%
  발행 결과          5,993,362
  주문 접수 결과     2,996,679
  주문 취소 결과     2,996,683
  주문 정정 결과     0
  체결 수            0
  메이커 갱신 수     0
  완료 여부          예
  접수 소요 시간     30.001s
  전체 소요 시간     30.001s
  실제 시도 수/s     199,994.43
  초당 접수 성공 수  199,773.97
  초당 발행 결과 수  199,773.97
  pacing 지연 횟수   5,970,397
  pacing 지연 합계   2807.633s
  지연 표본 수       5,993,362
  지연 min           0µs
  지연 mean          139µs
  지연 p50           112µs
  지연 p95           266µs
  지연 p99           625µs
  지연 max           19.235ms

================================
런타임 부하 테스트 결과
================================

[실행 조건]
  시나리오           잔존 주문 취소 (cancel-resting-order)
  심볼 수            1
  스윕 깊이          10
  발행 지연          0ms
  제한 시간          30s
  실행 모드          paced
  목표 명령 수/s     120,000
  warm-up 시간       10.000s
  측정 시간          30.000s

[warm-up 결과]
  시도한 명령 수     1,199,950
  접수 성공          1,199,950
  채널 포화          0
  미등록 심볼        0
  엔진 중지          0
  거부 합계          0
  접수 성공률        100.00%
  발행 결과          1,199,950
  주문 접수 결과     599,980
  주문 취소 결과     599,970
  주문 정정 결과     0
  체결 수            0
  메이커 갱신 수     0
  완료 여부          예
  접수 소요 시간     10.000s
  전체 소요 시간     10.000s
  실제 시도 수/s     119,993.47
  초당 접수 성공 수  119,993.47
  초당 발행 결과 수  119,993.47
  pacing 지연 횟수   1,190,018
  pacing 지연 합계   562.662s
  지연 표본 수       1,199,950
  지연 min           1µs
  지연 mean          114µs
  지연 p50           99µs
  지연 p95           202µs
  지연 p99           416µs
  지연 max           10.727ms

[측정 결과]
  시도한 명령 수     3,600,089
  접수 성공          3,599,386
  채널 포화          703
  미등록 심볼        0
  엔진 중지          0
  거부 합계          703
  접수 성공률        99.98%
  발행 결과          3,599,386
  주문 접수 결과     1,799,696
  주문 취소 결과     1,799,690
  주문 정정 결과     0
  체결 수            0
  메이커 갱신 수     0
  완료 여부          예
  접수 소요 시간     30.000s
  전체 소요 시간     30.000s
  실제 시도 수/s     120,001.32
  초당 접수 성공 수  119,977.89
  초당 발행 결과 수  119,977.89
  pacing 지연 횟수   3,570,318
  pacing 지연 합계   1709.793s
  지연 표본 수       3,599,386
  지연 min           0µs
  지연 mean          112µs
  지연 p50           101µs
  지연 p95           205µs
  지연 p99           441µs
  지연 max           7.357ms

================================
런타임 부하 테스트 결과
================================

[실행 조건]
  시나리오           잔존 주문 취소 (cancel-resting-order)
  심볼 수            1
  스윕 깊이          10
  발행 지연          0ms
  제한 시간          30s
  실행 모드          paced
  목표 명령 수/s     100,000
  warm-up 시간       10.000s
  측정 시간          30.000s

[warm-up 결과]
  시도한 명령 수     999,956
  접수 성공          999,867
  채널 포화          89
  미등록 심볼        0
  엔진 중지          0
  거부 합계          89
  접수 성공률        99.99%
  발행 결과          999,867
  주문 접수 결과     499,937
  주문 취소 결과     499,930
  주문 정정 결과     0
  체결 수            0
  메이커 갱신 수     0
  완료 여부          예
  접수 소요 시간     10.001s
  전체 소요 시간     10.001s
  실제 시도 수/s     99,990.40
  초당 접수 성공 수  99,981.50
  초당 발행 결과 수  99,981.50
  pacing 지연 횟수   990,011
  pacing 지연 합계   476.394s
  지연 표본 수       999,867
  지연 min           0µs
  지연 mean          106µs
  지연 p50           98µs
  지연 p95           195µs
  지연 p99           391µs
  지연 max           1.854ms

[측정 결과]
  시도한 명령 수     2,999,919
  접수 성공          2,999,598
  채널 포화          321
  미등록 심볼        0
  엔진 중지          0
  거부 합계          321
  접수 성공률        99.99%
  발행 결과          2,999,598
  주문 접수 결과     1,499,799
  주문 취소 결과     1,499,799
  주문 정정 결과     0
  체결 수            0
  메이커 갱신 수     0
  완료 여부          예
  접수 소요 시간     30.000s
  전체 소요 시간     30.000s
  실제 시도 수/s     99,996.94
  초당 접수 성공 수  99,986.24
  초당 발행 결과 수  99,986.24
  pacing 지연 횟수   2,970,131
  pacing 지연 합계   1438.080s
  지연 표본 수       2,999,598
  지연 min           0µs
  지연 mean          109µs
  지연 p50           98µs
  지연 p95           197µs
  지연 p99           438µs
  지연 max           7.759ms

================================
런타임 부하 테스트 결과
================================

[실행 조건]
  시나리오           잔존 주문 취소 (cancel-resting-order)
  심볼 수            1
  스윕 깊이          10
  발행 지연          0ms
  제한 시간          30s
  실행 모드          paced
  목표 명령 수/s     90,000
  warm-up 시간       10.000s
  측정 시간          30.000s

[warm-up 결과]
  시도한 명령 수     899,956
  접수 성공          899,956
  채널 포화          0
  미등록 심볼        0
  엔진 중지          0
  거부 합계          0
  접수 성공률        100.00%
  발행 결과          899,956
  주문 접수 결과     449,980
  주문 취소 결과     449,976
  주문 정정 결과     0
  체결 수            0
  메이커 갱신 수     0
  완료 여부          예
  접수 소요 시간     10.000s
  전체 소요 시간     10.000s
  실제 시도 수/s     89,993.16
  초당 접수 성공 수  89,993.16
  초당 발행 결과 수  89,993.16
  pacing 지연 횟수   890,008
  pacing 지연 합계   430.928s
  지연 표본 수       899,956
  지연 min           1µs
  지연 mean          98µs
  지연 p50           92µs
  지연 p95           174µs
  지연 p99           367µs
  지연 max           2.319ms

[측정 결과]
  시도한 명령 수     2,699,946
  접수 성공          2,699,946
  채널 포화          0
  미등록 심볼        0
  엔진 중지          0
  거부 합계          0
  접수 성공률        100.00%
  발행 결과          2,699,946
  주문 접수 결과     1,349,972
  주문 취소 결과     1,349,974
  주문 정정 결과     0
  체결 수            0
  메이커 갱신 수     0
  완료 여부          예
  접수 소요 시간     30.000s
  전체 소요 시간     30.000s
  실제 시도 수/s     89,997.57
  초당 접수 성공 수  89,997.57
  초당 발행 결과 수  89,997.57
  pacing 지연 횟수   2,670,124
  pacing 지연 합계   1280.838s
  지연 표본 수       2,699,946
  지연 min           0µs
  지연 mean          106µs
  지연 p50           100µs
  지연 p95           184µs
  지연 p99           374µs
  지연 max           5.951ms

================================
런타임 부하 테스트 결과
================================

[실행 조건]
  시나리오           잔존 주문 취소 (cancel-resting-order)
  심볼 수            1
  스윕 깊이          10
  발행 지연          0ms
  제한 시간          30s
  실행 모드          paced
  목표 명령 수/s     80,000
  warm-up 시간       10.000s
  측정 시간          30.000s

[warm-up 결과]
  시도한 명령 수     799,924
  접수 성공          799,924
  채널 포화          0
  미등록 심볼        0
  엔진 중지          0
  거부 합계          0
  접수 성공률        100.00%
  발행 결과          799,924
  주문 접수 결과     399,964
  주문 취소 결과     399,960
  주문 정정 결과     0
  체결 수            0
  메이커 갱신 수     0
  완료 여부          예
  접수 소요 시간     10.000s
  전체 소요 시간     10.002s
  실제 시도 수/s     79,992.35
  초당 접수 성공 수  79,992.35
  초당 발행 결과 수  79,974.30
  pacing 지연 횟수   790,017
  pacing 지연 합계   406.008s
  지연 표본 수       799,924
  지연 min           2µs
  지연 mean          109µs
  지연 p50           97µs
  지연 p95           200µs
  지연 p99           487µs
  지연 max           4.450ms

[측정 결과]
  시도한 명령 수     2,399,995
  접수 성공          2,399,995
  채널 포화          0
  미등록 심볼        0
  엔진 중지          0
  거부 합계          0
  접수 성공률        100.00%
  발행 결과          2,399,995
  주문 접수 결과     1,199,996
  주문 취소 결과     1,199,999
  주문 정정 결과     0
  체결 수            0
  메이커 갱신 수     0
  완료 여부          예
  접수 소요 시간     30.001s
  전체 소요 시간     30.001s
  실제 시도 수/s     79,997.06
  초당 접수 성공 수  79,997.06
  초당 발행 결과 수  79,997.06
  pacing 지연 횟수   2,370,270
  pacing 지연 합계   1183.399s
  지연 표본 수       2,399,995
  지연 min           0µs
  지연 mean          111µs
  지연 p50           100µs
  지연 p95           188µs
  지연 p99           408µs
  지연 max           11.467ms
