================================
런타임 부하 테스트 결과
================================

[실행 조건]
  시나리오           가격 변경 정정 (amend-price-change)
  심볼 수            1
  스윕 깊이          10
  발행 지연          0ms
  제한 시간          30s
  실행 모드          paced
  목표 명령 수/s     150,000
  warm-up 시간       10.000s
  측정 시간          30.000s

[warm-up 결과]
  시도한 명령 수     1,499,886
  접수 성공          1,499,886
  채널 포화          0
  미등록 심볼        0
  엔진 중지          0
  거부 합계          0
  접수 성공률        100.00%
  발행 결과          1,499,886
  주문 접수 결과     499,962
  주문 취소 결과     499,962
  주문 정정 결과     499,962
  체결 수            0
  메이커 갱신 수     0
  완료 여부          예
  접수 소요 시간     10.001s
  전체 소요 시간     10.001s
  실제 시도 수/s     149,979.72
  초당 접수 성공 수  149,979.72
  초당 발행 결과 수  149,979.71
  pacing 지연 횟수   1,489,947
  pacing 지연 합계   706.477s
  지연 표본 수       1,499,886
  지연 min           0µs
  지연 mean          105µs
  지연 p50           98µs
  지연 p95           174µs
  지연 p99           388µs
  지연 max           13.077ms

[측정 결과]
  시도한 명령 수     4,499,662
  접수 성공          4,495,620
  채널 포화          4,042
  미등록 심볼        0
  엔진 중지          0
  거부 합계          4,042
  접수 성공률        99.91%
  발행 결과          4,495,620
  주문 접수 결과     1,498,540
  주문 취소 결과     1,498,539
  주문 정정 결과     1,498,541
  체결 수            0
  메이커 갱신 수     0
  완료 여부          예
  접수 소요 시간     30.000s
  전체 소요 시간     30.000s
  실제 시도 수/s     149,987.82
  초당 접수 성공 수  149,853.09
  초당 발행 결과 수  149,853.09
  pacing 지연 횟수   4,469,926
  pacing 지연 합계   2170.467s
  지연 표본 수       4,495,620
  지연 min           0µs
  지연 mean          113µs
  지연 p50           104µs
  지연 p95           189µs
  지연 p99           441µs
  지연 max           9.923ms

================================
런타임 부하 테스트 결과
================================

[실행 조건]
  시나리오           가격 변경 정정 (amend-price-change)
  심볼 수            1
  스윕 깊이          10
  발행 지연          0ms
  제한 시간          30s
  실행 모드          paced
  목표 명령 수/s     140,000
  warm-up 시간       10.000s
  측정 시간          30.000s

[warm-up 결과]
  시도한 명령 수     1,399,893
  접수 성공          1,399,893
  채널 포화          0
  미등록 심볼        0
  엔진 중지          0
  거부 합계          0
  접수 성공률        100.00%
  발행 결과          1,399,893
  주문 접수 결과     466,631
  주문 취소 결과     466,631
  주문 정정 결과     466,631
  체결 수            0
  메이커 갱신 수     0
  완료 여부          예
  접수 소요 시간     10.000s
  전체 소요 시간     10.000s
  실제 시도 수/s     139,984.91
  초당 접수 성공 수  139,984.91
  초당 발행 결과 수  139,984.90
  pacing 지연 횟수   1,389,940
  pacing 지연 합계   649.858s
  지연 표본 수       1,399,893
  지연 min           0µs
  지연 mean          104µs
  지연 p50           97µs
  지연 p95           174µs
  지연 p99           371µs
  지연 max           6.213ms

[측정 결과]
  시도한 명령 수     4,199,876
  접수 성공          4,199,377
  채널 포화          499
  미등록 심볼        0
  엔진 중지          0
  거부 합계          499
  접수 성공률        99.99%
  발행 결과          4,199,377
  주문 접수 결과     1,399,802
  주문 취소 결과     1,399,785
  주문 정정 결과     1,399,790
  체결 수            0
  메이커 갱신 수     0
  완료 여부          예
  접수 소요 시간     30.000s
  전체 소요 시간     30.000s
  실제 시도 수/s     139,993.57
  초당 접수 성공 수  139,976.94
  초당 발행 결과 수  139,976.94
  pacing 지연 횟수   4,170,085
  pacing 지연 합계   1976.764s
  지연 표본 수       4,199,377
  지연 min           0µs
  지연 mean          109µs
  지연 p50           101µs
  지연 p95           178µs
  지연 p99           390µs
  지연 max           11.356ms

================================
런타임 부하 테스트 결과
================================

[실행 조건]
  시나리오           가격 변경 정정 (amend-price-change)
  심볼 수            1
  스윕 깊이          10
  발행 지연          0ms
  제한 시간          30s
  실행 모드          paced
  목표 명령 수/s     130,000
  warm-up 시간       10.000s
  측정 시간          30.000s

[warm-up 결과]
  시도한 명령 수     1,299,961
  접수 성공          1,299,961
  채널 포화          0
  미등록 심볼        0
  엔진 중지          0
  거부 합계          0
  접수 성공률        100.00%
  발행 결과          1,299,961
  주문 접수 결과     433,321
  주문 취소 결과     433,320
  주문 정정 결과     433,320
  체결 수            0
  메이커 갱신 수     0
  완료 여부          예
  접수 소요 시간     10.000s
  전체 소요 시간     10.000s
  실제 시도 수/s     129,991.32
  초당 접수 성공 수  129,991.32
  초당 발행 결과 수  129,991.30
  pacing 지연 횟수   1,290,016
  pacing 지연 합계   605.024s
  지연 표본 수       1,299,961
  지연 min           0µs
  지연 mean          98µs
  지연 p50           91µs
  지연 p95           164µs
  지연 p99           358µs
  지연 max           4.282ms

[측정 결과]
  시도한 명령 수     3,900,082
  접수 성공          3,900,082
  채널 포화          0
  미등록 심볼        0
  엔진 중지          0
  거부 합계          0
  접수 성공률        100.00%
  발행 결과          3,900,082
  주문 접수 결과     1,300,027
  주문 취소 결과     1,300,027
  주문 정정 결과     1,300,028
  체결 수            0
  메이커 갱신 수     0
  완료 여부          예
  접수 소요 시간     30.000s
  전체 소요 시간     30.000s
  실제 시도 수/s     130,001.55
  초당 접수 성공 수  130,001.55
  초당 발행 결과 수  130,001.55
  pacing 지연 횟수   3,870,257
  pacing 지연 합계   1823.378s
  지연 표본 수       3,900,082
  지연 min           0µs
  지연 mean          104µs
  지연 p50           98µs
  지연 p95           166µs
  지연 p99           349µs
  지연 max           10.119ms
