================================
런타임 부하 테스트 결과
================================

[실행 조건]
  시나리오           미체결 지정가 잔존 (place-resting-limit)
  심볼 수            1
  스윕 깊이          10
  발행 지연          0ms
  제한 시간          30s
  실행 모드          paced
  목표 명령 수/s     50,000
  warm-up 시간       5.000s
  측정 시간          10.000s

[warm-up 결과]
  시도한 명령 수     250,000
  접수 성공          250,000
  채널 포화          0
  미등록 심볼        0
  엔진 중지          0
  거부 합계          0
  접수 성공률        100.00%
  발행 결과          250,000
  주문 접수 결과     250,000
  주문 취소 결과     0
  주문 정정 결과     0
  체결 수            0
  메이커 갱신 수     0
  완료 여부          예
  접수 소요 시간     5.001s
  전체 소요 시간     5.001s
  실제 시도 수/s     49,990.88
  초당 접수 성공 수  49,990.88
  초당 발행 결과 수  49,990.87
  pacing 지연 횟수   245,051
  pacing 지연 합계   141.096s
  지연 표본 수       250,000
  지연 min           0µs
  지연 mean          135µs
  지연 p50           92µs
  지연 p95           155µs
  지연 p99           538µs
  지연 max           15.747ms

[측정 결과]
  시도한 명령 수     499,986
  접수 성공          499,780
  채널 포화          206
  미등록 심볼        0
  엔진 중지          0
  거부 합계          206
  접수 성공률        99.96%
  발행 결과          499,780
  주문 접수 결과     499,780
  주문 취소 결과     0
  주문 정정 결과     0
  체결 수            0
  메이커 갱신 수     0
  완료 여부          예
  접수 소요 시간     10.001s
  전체 소요 시간     10.001s
  실제 시도 수/s     49,995.43
  초당 접수 성공 수  49,974.84
  초당 발행 결과 수  49,974.83
  pacing 지연 횟수   490,006
  pacing 지연 합계   233.614s
  지연 표본 수       499,780
  지연 min           0µs
  지연 mean          120µs
  지연 p50           92µs
  지연 p95           128µs
  지연 p99           241µs
  지연 max           24.329ms

================================
런타임 부하 테스트 결과
================================

[실행 조건]
  시나리오           미체결 지정가 잔존 (place-resting-limit)
  심볼 수            1
  스윕 깊이          10
  발행 지연          0ms
  제한 시간          30s
  실행 모드          paced
  목표 명령 수/s     40,000
  warm-up 시간       5.000s
  측정 시간          10.000s

[warm-up 결과]
  시도한 명령 수     199,996
  접수 성공          199,996
  채널 포화          0
  미등록 심볼        0
  엔진 중지          0
  거부 합계          0
  접수 성공률        100.00%
  발행 결과          199,996
  주문 접수 결과     199,996
  주문 취소 결과     0
  주문 정정 결과     0
  체결 수            0
  메이커 갱신 수     0
  완료 여부          예
  접수 소요 시간     5.001s
  전체 소요 시간     5.001s
  실제 시도 수/s     39,992.61
  초당 접수 성공 수  39,992.61
  초당 발행 결과 수  39,992.61
  pacing 지연 횟수   195,003
  pacing 지연 합계   93.549s
  지연 표본 수       199,996
  지연 min           12µs
  지연 mean          105µs
  지연 p50           85µs
  지연 p95           127µs
  지연 p99           357µs
  지연 max           12.019ms

[측정 결과]
  시도한 명령 수     399,986
  접수 성공          399,986
  채널 포화          0
  미등록 심볼        0
  엔진 중지          0
  거부 합계          0
  접수 성공률        100.00%
  발행 결과          399,986
  주문 접수 결과     399,986
  주문 취소 결과     0
  주문 정정 결과     0
  체결 수            0
  메이커 갱신 수     0
  완료 여부          예
  접수 소요 시간     10.001s
  전체 소요 시간     10.001s
  실제 시도 수/s     39,996.43
  초당 접수 성공 수  39,996.43
  초당 발행 결과 수  39,996.43
  pacing 지연 횟수   389,995
  pacing 지연 합계   186.542s
  지연 표본 수       399,986
  지연 min           2µs
  지연 mean          132µs
  지연 p50           87µs
  지연 p95           139µs
  지연 p99           315µs
  지연 max           24.445ms

================================
런타임 부하 테스트 결과
================================

[실행 조건]
  시나리오           미체결 지정가 잔존 (place-resting-limit)
  심볼 수            1
  스윕 깊이          10
  발행 지연          0ms
  제한 시간          30s
  실행 모드          paced
  목표 명령 수/s     30,000
  warm-up 시간       5.000s
  측정 시간          10.000s

[warm-up 결과]
  시도한 명령 수     149,983
  접수 성공          149,983
  채널 포화          0
  미등록 심볼        0
  엔진 중지          0
  거부 합계          0
  접수 성공률        100.00%
  발행 결과          149,983
  주문 접수 결과     149,983
  주문 취소 결과     0
  주문 정정 결과     0
  체결 수            0
  메이커 갱신 수     0
  완료 여부          예
  접수 소요 시간     5.000s
  전체 소요 시간     5.000s
  실제 시도 수/s     29,993.83
  초당 접수 성공 수  29,993.83
  초당 발행 결과 수  29,993.82
  pacing 지연 횟수   145,027
  pacing 지연 합계   74.181s
  지연 표본 수       149,983
  지연 min           4µs
  지연 mean          220µs
  지연 p50           86µs
  지연 p95           163µs
  지연 p99           2.304ms
  지연 max           29.206ms

[측정 결과]
  시도한 명령 수     300,000
  접수 성공          299,566
  채널 포화          434
  미등록 심볼        0
  엔진 중지          0
  거부 합계          434
  접수 성공률        99.86%
  발행 결과          299,566
  주문 접수 결과     299,566
  주문 취소 결과     0
  주문 정정 결과     0
  체결 수            0
  메이커 갱신 수     0
  완료 여부          예
  접수 소요 시간     10.001s
  전체 소요 시간     10.001s
  실제 시도 수/s     29,996.55
  초당 접수 성공 수  29,953.16
  초당 발행 결과 수  29,953.16
  pacing 지연 횟수   290,082
  pacing 지연 합계   143.243s
  지연 표본 수       299,566
  지연 min           0µs
  지연 mean          218µs
  지연 p50           91µs
  지연 p95           196µs
  지연 p99           635µs
  지연 max           49.059ms

================================
런타임 부하 테스트 결과
================================

[실행 조건]
  시나리오           미체결 지정가 잔존 (place-resting-limit)
  심볼 수            1
  스윕 깊이          10
  발행 지연          0ms
  제한 시간          30s
  실행 모드          paced
  목표 명령 수/s     20,000
  warm-up 시간       5.000s
  측정 시간          10.000s

[warm-up 결과]
  시도한 명령 수     99,989
  접수 성공          99,989
  채널 포화          0
  미등록 심볼        0
  엔진 중지          0
  거부 합계          0
  접수 성공률        100.00%
  발행 결과          99,989
  주문 접수 결과     99,989
  주문 취소 결과     0
  주문 정정 결과     0
  체결 수            0
  메이커 갱신 수     0
  완료 여부          예
  접수 소요 시간     5.000s
  전체 소요 시간     5.000s
  실제 시도 수/s     19,996.19
  초당 접수 성공 수  19,996.19
  초당 발행 결과 수  19,996.19
  pacing 지연 횟수   95,030
  pacing 지연 합계   46.965s
  지연 표본 수       99,989
  지연 min           7µs
  지연 mean          133µs
  지연 p50           96µs
  지연 p95           172µs
  지연 p99           811µs
  지연 max           13.189ms

[측정 결과]
  시도한 명령 수     200,000
  접수 성공          200,000
  채널 포화          0
  미등록 심볼        0
  엔진 중지          0
  거부 합계          0
  접수 성공률        100.00%
  발행 결과          200,000
  주문 접수 결과     200,000
  주문 취소 결과     0
  주문 정정 결과     0
  체결 수            0
  메이커 갱신 수     0
  완료 여부          예
  접수 소요 시간     10.001s
  전체 소요 시간     10.001s
  실제 시도 수/s     19,997.99
  초당 접수 성공 수  19,997.99
  초당 발행 결과 수  19,997.99
  pacing 지연 횟수   190,019
  pacing 지연 합계   90.500s
  지연 표본 수       200,000
  지연 min           10µs
  지연 mean          103µs
  지연 p50           91µs
  지연 p95           121µs
  지연 p99           277µs
  지연 max           15.794ms
